Archive member included because of file (symbol)

/home/manos/ARMToolchains/gcc-arm-none-eabi-4_9-2015q3/bin/../lib/gcc/arm-none-eabi/4.9.3/../../../../arm-none-eabi/lib/armv7e-m/libg_nano.a(lib_a-errno.o)
                              ./system/src/newlib/_sbrk.o (__errno)
/home/manos/ARMToolchains/gcc-arm-none-eabi-4_9-2015q3/bin/../lib/gcc/arm-none-eabi/4.9.3/../../../../arm-none-eabi/lib/armv7e-m/libg_nano.a(lib_a-impure.o)
                              /home/manos/ARMToolchains/gcc-arm-none-eabi-4_9-2015q3/bin/../lib/gcc/arm-none-eabi/4.9.3/../../../../arm-none-eabi/lib/armv7e-m/libg_nano.a(lib_a-errno.o) (_impure_ptr)
/home/manos/ARMToolchains/gcc-arm-none-eabi-4_9-2015q3/bin/../lib/gcc/arm-none-eabi/4.9.3/../../../../arm-none-eabi/lib/armv7e-m/libg_nano.a(lib_a-strlen.o)
                              ./system/src/diag/Trace.o (strlen)
/home/manos/ARMToolchains/gcc-arm-none-eabi-4_9-2015q3/bin/../lib/gcc/arm-none-eabi/4.9.3/../../../../arm-none-eabi/lib/armv7e-m/libg_nano.a(lib_a-vsnprintf.o)
                              ./system/src/diag/Trace.o (vsnprintf)
/home/manos/ARMToolchains/gcc-arm-none-eabi-4_9-2015q3/bin/../lib/gcc/arm-none-eabi/4.9.3/../../../../arm-none-eabi/lib/armv7e-m/libg_nano.a(lib_a-nano-svfprintf.o)
                              /home/manos/ARMToolchains/gcc-arm-none-eabi-4_9-2015q3/bin/../lib/gcc/arm-none-eabi/4.9.3/../../../../arm-none-eabi/lib/armv7e-m/libg_nano.a(lib_a-vsnprintf.o) (_svfprintf_r)
/home/manos/ARMToolchains/gcc-arm-none-eabi-4_9-2015q3/bin/../lib/gcc/arm-none-eabi/4.9.3/../../../../arm-none-eabi/lib/armv7e-m/libg_nano.a(lib_a-nano-vfprintf_i.o)
                              /home/manos/ARMToolchains/gcc-arm-none-eabi-4_9-2015q3/bin/../lib/gcc/arm-none-eabi/4.9.3/../../../../arm-none-eabi/lib/armv7e-m/libg_nano.a(lib_a-nano-svfprintf.o) (_printf_i)
/home/manos/ARMToolchains/gcc-arm-none-eabi-4_9-2015q3/bin/../lib/gcc/arm-none-eabi/4.9.3/../../../../arm-none-eabi/lib/armv7e-m/libg_nano.a(lib_a-memchr.o)
                              /home/manos/ARMToolchains/gcc-arm-none-eabi-4_9-2015q3/bin/../lib/gcc/arm-none-eabi/4.9.3/../../../../arm-none-eabi/lib/armv7e-m/libg_nano.a(lib_a-nano-svfprintf.o) (memchr)
/home/manos/ARMToolchains/gcc-arm-none-eabi-4_9-2015q3/bin/../lib/gcc/arm-none-eabi/4.9.3/../../../../arm-none-eabi/lib/armv7e-m/libg_nano.a(lib_a-memcpy.o)
                              /home/manos/ARMToolchains/gcc-arm-none-eabi-4_9-2015q3/bin/../lib/gcc/arm-none-eabi/4.9.3/../../../../arm-none-eabi/lib/armv7e-m/libg_nano.a(lib_a-nano-svfprintf.o) (memcpy)
/home/manos/ARMToolchains/gcc-arm-none-eabi-4_9-2015q3/bin/../lib/gcc/arm-none-eabi/4.9.3/../../../../arm-none-eabi/lib/armv7e-m/libg_nano.a(lib_a-memmove.o)
                              /home/manos/ARMToolchains/gcc-arm-none-eabi-4_9-2015q3/bin/../lib/gcc/arm-none-eabi/4.9.3/../../../../arm-none-eabi/lib/armv7e-m/libg_nano.a(lib_a-nano-svfprintf.o) (memmove)
/home/manos/ARMToolchains/gcc-arm-none-eabi-4_9-2015q3/bin/../lib/gcc/arm-none-eabi/4.9.3/../../../../arm-none-eabi/lib/armv7e-m/libg_nano.a(lib_a-nano-freer.o)
                              /home/manos/ARMToolchains/gcc-arm-none-eabi-4_9-2015q3/bin/../lib/gcc/arm-none-eabi/4.9.3/../../../../arm-none-eabi/lib/armv7e-m/libg_nano.a(lib_a-nano-svfprintf.o) (_free_r)
/home/manos/ARMToolchains/gcc-arm-none-eabi-4_9-2015q3/bin/../lib/gcc/arm-none-eabi/4.9.3/../../../../arm-none-eabi/lib/armv7e-m/libg_nano.a(lib_a-nano-mallocr.o)
                              /home/manos/ARMToolchains/gcc-arm-none-eabi-4_9-2015q3/bin/../lib/gcc/arm-none-eabi/4.9.3/../../../../arm-none-eabi/lib/armv7e-m/libg_nano.a(lib_a-nano-svfprintf.o) (_malloc_r)
/home/manos/ARMToolchains/gcc-arm-none-eabi-4_9-2015q3/bin/../lib/gcc/arm-none-eabi/4.9.3/../../../../arm-none-eabi/lib/armv7e-m/libg_nano.a(lib_a-nano-reallocr.o)
                              /home/manos/ARMToolchains/gcc-arm-none-eabi-4_9-2015q3/bin/../lib/gcc/arm-none-eabi/4.9.3/../../../../arm-none-eabi/lib/armv7e-m/libg_nano.a(lib_a-nano-svfprintf.o) (_realloc_r)
/home/manos/ARMToolchains/gcc-arm-none-eabi-4_9-2015q3/bin/../lib/gcc/arm-none-eabi/4.9.3/../../../../arm-none-eabi/lib/armv7e-m/libg_nano.a(lib_a-sbrkr.o)
                              /home/manos/ARMToolchains/gcc-arm-none-eabi-4_9-2015q3/bin/../lib/gcc/arm-none-eabi/4.9.3/../../../../arm-none-eabi/lib/armv7e-m/libg_nano.a(lib_a-nano-mallocr.o) (_sbrk_r)
/home/manos/ARMToolchains/gcc-arm-none-eabi-4_9-2015q3/bin/../lib/gcc/arm-none-eabi/4.9.3/../../../../arm-none-eabi/lib/armv7e-m/libg_nano.a(lib_a-nano-msizer.o)
                              /home/manos/ARMToolchains/gcc-arm-none-eabi-4_9-2015q3/bin/../lib/gcc/arm-none-eabi/4.9.3/../../../../arm-none-eabi/lib/armv7e-m/libg_nano.a(lib_a-nano-reallocr.o) (_malloc_usable_size_r)

Allocating common symbols
Common symbol       size              file

hspi2               0x58              ./src/main.o
errno               0x4               ./system/src/newlib/_syscalls.o
huart3              0x40              ./src/main.o
[...]
Memory Configuration

Name             Origin             Length             Attributes
RAM              0x20000000         0x00020000         xrw
CCMRAM           0x10000000         0x00010000         xrw
FLASH            0x08000000         0x00100000         xr
FLASHB1          0x00000000         0x00000000         xr
EXTMEMB0         0x00000000         0x00000000         xr
EXTMEMB1         0x00000000         0x00000000         xr
EXTMEMB2         0x00000000         0x00000000         xr
EXTMEMB3         0x00000000         0x00000000         xr
MEMORY_ARRAY     0x20002000         0x00000020         xrw
*default*        0x00000000         0xffffffff

Linker script and memory map

LOAD ./system/src/stm32f4-hal/stm32f4xx_hal.o
LOAD ./system/src/stm32f4-hal/stm32f4xx_hal_cortex.o
LOAD ./system/src/stm32f4-hal/stm32f4xx_hal_flash.o
LOAD ./system/src/stm32f4-hal/stm32f4xx_hal_gpio.o
LOAD ./system/src/stm32f4-hal/stm32f4xx_hal_i2c.o
LOAD ./system/src/stm32f4-hal/stm32f4xx_hal_iwdg.o
LOAD ./system/src/stm32f4-hal/stm32f4xx_hal_pwr.o
LOAD ./system/src/stm32f4-hal/stm32f4xx_hal_rcc.o
LOAD ./system/src/stm32f4-hal/stm32f4xx_hal_spi.o
LOAD ./system/src/stm32f4-hal/stm32f4xx_hal_uart.o
LOAD ./system/src/stm32f4-hal/stm32f4xx_hal_usart.o
LOAD ./system/src/newlib/_cxx.o
LOAD ./system/src/newlib/_exit.o
LOAD ./system/src/newlib/_sbrk.o
LOAD ./system/src/newlib/_startup.o
LOAD ./system/src/newlib/_syscalls.o
LOAD ./system/src/newlib/assert.o
LOAD ./system/src/diag/Trace.o
LOAD ./system/src/diag/trace_impl.o
LOAD ./system/src/cortexm/_initialize_hardware.o
LOAD ./system/src/cortexm/_reset_hardware.o
LOAD ./system/src/cortexm/exception_handlers.o
LOAD ./system/src/cmsis/system_stm32f4xx.o
LOAD ./system/src/cmsis/vectors_stm32f407xx.o
LOAD ./src/_initialize_hardware.o
LOAD ./src/_write.o
LOAD ./src/main.o
LOAD ./src/stm32f4xx_hal_msp.o
LOAD /home/manos/ARMToolchains/gcc-arm-none-eabi-4_9-2015q3/bin/../lib/gcc/arm-none-eabi/4.9.3/../../../../arm-none-eabi/lib/armv7e-m/libstdc++_nano.a
LOAD /home/manos/ARMToolchains/gcc-arm-none-eabi-4_9-2015q3/bin/../lib/gcc/arm-none-eabi/4.9.3/../../../../arm-none-eabi/lib/armv7e-m/libm.a
START GROUP
LOAD /home/manos/ARMToolchains/gcc-arm-none-eabi-4_9-2015q3/bin/../lib/gcc/arm-none-eabi/4.9.3/armv7e-m/libgcc.a
LOAD /home/manos/ARMToolchains/gcc-arm-none-eabi-4_9-2015q3/bin/../lib/gcc/arm-none-eabi/4.9.3/../../../../arm-none-eabi/lib/armv7e-m/libg_nano.a
LOAD /home/manos/ARMToolchains/gcc-arm-none-eabi-4_9-2015q3/bin/../lib/gcc/arm-none-eabi/4.9.3/../../../../arm-none-eabi/lib/armv7e-m/libc_nano.a
END GROUP
START GROUP
LOAD /home/manos/ARMToolchains/gcc-arm-none-eabi-4_9-2015q3/bin/../lib/gcc/arm-none-eabi/4.9.3/armv7e-m/libgcc.a
LOAD /home/manos/ARMToolchains/gcc-arm-none-eabi-4_9-2015q3/bin/../lib/gcc/arm-none-eabi/4.9.3/../../../../arm-none-eabi/lib/armv7e-m/libc_nano.a
END GROUP
                0x20020000                __stack = (ORIGIN (RAM) + 0x20000)
                0x20020000                _estack = __stack
                0x00000400                __Main_Stack_Size = 0x400
                0x00000400                PROVIDE (_Main_Stack_Size, __Main_Stack_Size)
                0x2001fc00                __Main_Stack_Limit = (__stack - __Main_Stack_Size)
                0x2001fc00                PROVIDE (_Main_Stack_Limit, __Main_Stack_Limit)
                0x00000100                _Minimum_Stack_Size = 0x100
                0x200002d4                PROVIDE (_Heap_Begin, _end_noinit)
                0x2001fc00                PROVIDE (_Heap_Limit, (__stack - __Main_Stack_Size))

.isr_vector     0x08000000      0x3c8
 FILL mask 0xff
                0x08000000                __vectors_start = ABSOLUTE (.)
                0x08000000                __vectors_start__ = ABSOLUTE (.)
 *(.isr_vector)
 .isr_vector    0x08000000      0x188 ./system/src/cmsis/vectors_stm32f407xx.o
                0x08000000                __isr_vectors
 *(.cfmconfig)
 *(.after_vectors .after_vectors.*)
 .after_vectors
                0x08000188      0x130 ./system/src/newlib/_startup.o
                0x08000188                _start
 .after_vectors
                0x080002b8      0x104 ./system/src/cortexm/exception_handlers.o
                0x080002b8                Reset_Handler
                0x080002c0                NMI_Handler
                0x080002c4                HardFault_Handler
                0x080002d8                HardFault_Handler_C
                0x0800030c                MemManage_Handler
                0x08000310                BusFault_Handler
                0x08000324                BusFault_Handler_C
                0x08000358                UsageFault_Handler
                0x0800036c                UsageFault_Handler_C
                0x080003a0                SVC_Handler
                0x080003a4                DebugMon_Handler
                0x080003a8                PendSV_Handler
 .after_vectors
                0x080003bc        0x4 ./system/src/cmsis/vectors_stm32f407xx.o
                0x080003bc                RTC_Alarm_IRQHandler
                0x080003bc                HASH_RNG_IRQHandler
                0x080003bc                EXTI2_IRQHandler
                0x080003bc                TIM8_CC_IRQHandler
                0x080003bc                TIM1_CC_IRQHandler
                0x080003bc                DMA2_Stream5_IRQHandler
                0x080003bc                DMA1_Stream5_IRQHandler
                0x080003bc                PVD_IRQHandler
                0x080003bc                SDIO_IRQHandler
                0x080003bc                TAMP_STAMP_IRQHandler
                0x080003bc                CAN2_RX1_IRQHandler
                0x080003bc                EXTI3_IRQHandler
                0x080003bc                TIM8_TRG_COM_TIM14_IRQHandler
                0x080003bc                TIM1_UP_TIM10_IRQHandler
                0x080003bc                TIM8_UP_TIM13_IRQHandler
                0x080003bc                I2C3_ER_IRQHandler
                0x080003bc                EXTI0_IRQHandler
                0x080003bc                I2C2_EV_IRQHandler
                0x080003bc                DMA1_Stream2_IRQHandler
                0x080003bc                CAN1_RX0_IRQHandler
                0x080003bc                FPU_IRQHandler
                0x080003bc                OTG_HS_WKUP_IRQHandler
                0x080003bc                CAN2_SCE_IRQHandler
                0x080003bc                DMA2_Stream2_IRQHandler
                0x080003bc                SPI1_IRQHandler
                0x080003bc                TIM6_DAC_IRQHandler
                0x080003bc                TIM1_BRK_TIM9_IRQHandler
                0x080003bc                DCMI_IRQHandler
                0x080003bc                CAN2_RX0_IRQHandler
                0x080003bc                DMA2_Stream3_IRQHandler
                0x080003bc                USART6_IRQHandler
                0x080003bc                USART3_IRQHandler
                0x080003bc                CAN1_RX1_IRQHandler
                0x080003bc                UART5_IRQHandler
                0x080003bc                DMA2_Stream0_IRQHandler
                0x080003bc                TIM4_IRQHandler
                0x080003bc                I2C1_EV_IRQHandler
                0x080003bc                DMA1_Stream6_IRQHandler
                0x080003bc                DMA1_Stream1_IRQHandler
                0x080003bc                UART4_IRQHandler
                0x080003bc                TIM3_IRQHandler
                0x080003bc                RCC_IRQHandler
                0x080003bc                TIM8_BRK_TIM12_IRQHandler
                0x080003bc                Default_Handler
                0x080003bc                EXTI15_10_IRQHandler
                0x080003bc                ADC_IRQHandler
                0x080003bc                DMA1_Stream7_IRQHandler
                0x080003bc                TIM7_IRQHandler
                0x080003bc                CAN2_TX_IRQHandler
                0x080003bc                TIM5_IRQHandler
                0x080003bc                DMA2_Stream7_IRQHandler
                0x080003bc                I2C3_EV_IRQHandler
                0x080003bc                EXTI9_5_IRQHandler
                0x080003bc                RTC_WKUP_IRQHandler
                0x080003bc                ETH_WKUP_IRQHandler
                0x080003bc                SPI2_IRQHandler
                0x080003bc                OTG_HS_EP1_IN_IRQHandler
                0x080003bc                DMA1_Stream0_IRQHandler
                0x080003bc                CAN1_TX_IRQHandler
                0x080003bc                EXTI4_IRQHandler
                0x080003bc                ETH_IRQHandler
                0x080003bc                OTG_HS_EP1_OUT_IRQHandler
                0x080003bc                WWDG_IRQHandler
                0x080003bc                TIM2_IRQHandler
                0x080003bc                OTG_FS_WKUP_IRQHandler
                0x080003bc                TIM1_TRG_COM_TIM11_IRQHandler
                0x080003bc                OTG_HS_IRQHandler
                0x080003bc                EXTI1_IRQHandler
                0x080003bc                USART2_IRQHandler
                0x080003bc                I2C2_ER_IRQHandler
                0x080003bc                DMA2_Stream1_IRQHandler
                0x080003bc                CAN1_SCE_IRQHandler
                0x080003bc                FLASH_IRQHandler
                0x080003bc                DMA2_Stream4_IRQHandler
                0x080003bc                USART1_IRQHandler
                0x080003bc                OTG_FS_IRQHandler
                0x080003bc                SPI3_IRQHandler
                0x080003bc                DMA1_Stream4_IRQHandler
                0x080003bc                I2C1_ER_IRQHandler
                0x080003bc                FMC_IRQHandler
                0x080003bc                DMA2_Stream6_IRQHandler
                0x080003bc                DMA1_Stream3_IRQHandler
 .after_vectors
                0x080003c0        0x8 ./src/_initialize_hardware.o
                0x080003c0                SysTick_Handler

.inits          0x080003c8       0x28
                0x080003c8                __data_regions_array_start = .
                0x080003c8        0x4 LONG 0x8002e88 LOADADDR (.data)
                0x080003cc        0x4 LONG 0x20000000 ADDR (.data)
                0x080003d0        0x4 LONG 0x20000078 (ADDR (.data) + SIZEOF (.data))
                0x080003d4        0x4 LONG 0x8002e88 LOADADDR (.data_CCMRAM)
                0x080003d8        0x4 LONG 0x10000000 ADDR (.data_CCMRAM)
                0x080003dc        0x4 LONG 0x10000000 (ADDR (.data_CCMRAM) + SIZEOF (.data_CCMRAM))
                0x080003e0                __data_regions_array_end = .
                0x080003e0                __bss_regions_array_start = .
                0x080003e0        0x4 LONG 0x20000078 ADDR (.bss)
                0x080003e4        0x4 LONG 0x200002d4 (ADDR (.bss) + SIZEOF (.bss))
                0x080003e8        0x4 LONG 0x10000000 ADDR (.bss_CCMRAM)
                0x080003ec        0x4 LONG 0x10000000 (ADDR (.bss_CCMRAM) + SIZEOF (.bss_CCMRAM))
                0x080003f0                __bss_regions_array_end = .
 *(.init)
 *(.fini)
                0x080003f0                . = ALIGN (0x4)
                0x080003f0                PROVIDE (__preinit_array_start, .)
 *(.preinit_array_sysinit .preinit_array_sysinit.*)
 *(.preinit_array_platform .preinit_array_platform.*)
 *(.preinit_array .preinit_array.*)
                0x080003f0                PROVIDE (__preinit_array_end, .)
                0x080003f0                . = ALIGN (0x4)
                0x080003f0                PROVIDE (__init_array_start, .)
 *(SORT(.init_array.*))
 *(.init_array)
                0x080003f0                PROVIDE (__init_array_end, .)
                0x080003f0                . = ALIGN (0x4)
                0x080003f0                PROVIDE (__fini_array_start, .)
 *(SORT(.fini_array.*))
 *(.fini_array)
                0x080003f0                PROVIDE (__fini_array_end, .)

.flashtext
 *(.flashtext .flashtext.*)

.text           0x080003f0     0x2a95
 *(.text .text.*)
 .text.HAL_InitTick
                0x080003f0       0x28 ./system/src/stm32f4-hal/stm32f4xx_hal.o
                0x080003f0                HAL_InitTick
 .text.HAL_Init
                0x08000418       0x34 ./system/src/stm32f4-hal/stm32f4xx_hal.o
                0x08000418                HAL_Init
 .text.HAL_IncTick
                0x0800044c       0x10 ./system/src/stm32f4-hal/stm32f4xx_hal.o
                0x0800044c                HAL_IncTick
 .text.HAL_GetTick
                0x0800045c        0xc ./system/src/stm32f4-hal/stm32f4xx_hal.o
                0x0800045c                HAL_GetTick
 .text.HAL_GetREVID
                0x08000468        0xc ./system/src/stm32f4-hal/stm32f4xx_hal.o
                0x08000468                HAL_GetREVID
 .text.HAL_NVIC_SetPriorityGrouping
                0x08000474       0x3c ./system/src/stm32f4-hal/stm32f4xx_hal_cortex.o
                0x08000474                HAL_NVIC_SetPriorityGrouping
 .text.HAL_NVIC_SetPriority
                0x080004b0       0x84 ./system/src/stm32f4-hal/stm32f4xx_hal_cortex.o
                0x080004b0                HAL_NVIC_SetPriority
 .text.HAL_SYSTICK_Config
                0x08000534       0x2c ./system/src/stm32f4-hal/stm32f4xx_hal_cortex.o
                0x08000534                HAL_SYSTICK_Config
 .text.HAL_SYSTICK_CLKSourceConfig
                0x08000560       0x38 ./system/src/stm32f4-hal/stm32f4xx_hal_cortex.o
                0x08000560                HAL_SYSTICK_CLKSourceConfig
 .text.HAL_GPIO_Init
                0x08000598      0x32c ./system/src/stm32f4-hal/stm32f4xx_hal_gpio.o
                0x08000598                HAL_GPIO_Init
 .text.HAL_GPIO_WritePin
                0x080008c4       0x34 ./system/src/stm32f4-hal/stm32f4xx_hal_gpio.o
                0x080008c4                HAL_GPIO_WritePin
 .text.HAL_I2C_MspInit
                0x080008f8        0x4 ./system/src/stm32f4-hal/stm32f4xx_hal_i2c.o
                0x080008f8                HAL_I2C_MspInit
 .text.HAL_I2C_Init
                0x080008fc      0x1e8 ./system/src/stm32f4-hal/stm32f4xx_hal_i2c.o
                0x080008fc                HAL_I2C_Init
 .text.HAL_RCC_OscConfig
                0x08000ae4      0x448 ./system/src/stm32f4-hal/stm32f4xx_hal_rcc.o
                0x08000ae4                HAL_RCC_OscConfig
 .text.HAL_RCC_ClockConfig
                0x08000f2c      0x22c ./system/src/stm32f4-hal/stm32f4xx_hal_rcc.o
                0x08000f2c                HAL_RCC_ClockConfig
 .text.HAL_RCC_GetSysClockFreq
                0x08001158       0x94 ./system/src/stm32f4-hal/stm32f4xx_hal_rcc.o
                0x08001158                HAL_RCC_GetSysClockFreq
 .text.HAL_RCC_GetHCLKFreq
                0x080011ec       0x34 ./system/src/stm32f4-hal/stm32f4xx_hal_rcc.o
                0x080011ec                HAL_RCC_GetHCLKFreq
 .text.HAL_RCC_GetPCLK1Freq
                0x08001220       0x2c ./system/src/stm32f4-hal/stm32f4xx_hal_rcc.o
                0x08001220                HAL_RCC_GetPCLK1Freq
 .text.HAL_RCC_GetPCLK2Freq
                0x0800124c       0x2c ./system/src/stm32f4-hal/stm32f4xx_hal_rcc.o
                0x0800124c                HAL_RCC_GetPCLK2Freq
 .text.SPI_WaitFlagStateUntilTimeout
                0x08001278       0x88 ./system/src/stm32f4-hal/stm32f4xx_hal_spi.o
 .text.SPI_CheckFlag_BSY
                0x08001300       0x28 ./system/src/stm32f4-hal/stm32f4xx_hal_spi.o
 .text.HAL_SPI_MspInit
                0x08001328        0x4 ./system/src/stm32f4-hal/stm32f4xx_hal_spi.o
                0x08001328                HAL_SPI_MspInit
 .text.HAL_SPI_Init
                0x0800132c      0x1bc ./system/src/stm32f4-hal/stm32f4xx_hal_spi.o
                0x0800132c                HAL_SPI_Init
 .text.HAL_SPI_TransmitReceive
                0x080014e8      0x25c ./system/src/stm32f4-hal/stm32f4xx_hal_spi.o
                0x080014e8                HAL_SPI_TransmitReceive
 .text.UART_SetConfig
                0x08001744      0x384 ./system/src/stm32f4-hal/stm32f4xx_hal_uart.o
 .text.HAL_UART_MspInit
                0x08001ac8        0x4 ./system/src/stm32f4-hal/stm32f4xx_hal_uart.o
                0x08001ac8                HAL_UART_MspInit
 .text.HAL_UART_Init
                0x08001acc      0x120 ./system/src/stm32f4-hal/stm32f4xx_hal_uart.o
                0x08001acc                HAL_UART_Init
 .text._exit    0x08001bec        0x4 ./system/src/newlib/_exit.o
                0x08001bec                _exit
 .text.abort    0x08001bf0       0x14 ./system/src/newlib/_exit.o
                0x08001bf0                abort
 .text._sbrk    0x08001c04       0x44 ./system/src/newlib/_sbrk.o
                0x08001c04                _sbrk
 .text.__initialize_args
                0x08001c48       0x10 ./system/src/newlib/_syscalls.o
                0x08001c48                __initialize_args
 .text.assert_failed
                0x08001c58       0x18 ./system/src/newlib/assert.o
                0x08001c58                assert_failed
 .text.trace_printf
                0x08001c70       0x34 ./system/src/diag/Trace.o
                0x08001c70                trace_printf
 .text.trace_puts
                0x08001ca4       0x20 ./system/src/diag/Trace.o
                0x08001ca4                trace_puts
 .text._trace_write_itm
                0x08001cc4       0x48 ./system/src/diag/trace_impl.o
 .text.trace_write
                0x08001d0c        0x8 ./system/src/diag/trace_impl.o
                0x08001d0c                trace_write
 .text.__initialize_hardware_early
                0x08001d14       0x18 ./system/src/cortexm/_initialize_hardware.o
                0x08001d14                __initialize_hardware_early
 .text.__initialize_hardware
                0x08001d2c        0x8 ./system/src/cortexm/_initialize_hardware.o
                0x08001d2c                __initialize_hardware
 .text.dumpExceptionStack
                0x08001d34       0xf0 ./system/src/cortexm/exception_handlers.o
                0x08001d34                dumpExceptionStack
 .text.SystemInit
                0x08001e24       0x40 ./system/src/cmsis/system_stm32f4xx.o
                0x08001e24                SystemInit
 .text.SystemCoreClockUpdate
                0x08001e64       0xa0 ./system/src/cmsis/system_stm32f4xx.o
                0x08001e64                SystemCoreClockUpdate
 .text.SystemClock_Config
                0x08001f04       0xc0 ./src/_initialize_hardware.o
                0x08001f04                SystemClock_Config
 .text.initialize_hardware
                0x08001fc4       0x10 ./src/_initialize_hardware.o
                0x08001fc4                initialize_hardware
 .text.MX_GPIO_Init
                0x08001fd4       0xe0 ./src/main.o
 .text.MX_I2C1_Init
                0x080020b4       0x34 ./src/main.o
 .text.MX_SPI1_Init
                0x080020e8       0x3c ./src/main.o
 .text.MX_SPI2_Init
                0x08002124       0x3c ./src/main.o
 .text.MX_UART5_Init
                0x08002160       0x2c ./src/main.o
 .text.MX_USART3_UART_Init
                0x0800218c       0x2c ./src/main.o
 .text.SPI1ReadExtended
                0x080021b8       0x5c ./src/main.o
 .text.SPI2ReadExtended
                0x08002214       0x5c ./src/main.o
 .text.main     0x08002270       0x30 ./src/main.o
                0x08002270                main
 .text.HAL_MspInit
                0x080022a0        0x4 ./src/stm32f4xx_hal_msp.o
                0x080022a0                HAL_MspInit
 .text.__errno  0x080022a4        0xc /home/manos/ARMToolchains/gcc-arm-none-eabi-4_9-2015q3/bin/../lib/gcc/arm-none-eabi/4.9.3/../../../../arm-none-eabi/lib/armv7e-m/libg_nano.a(lib_a-errno.o)
                0x080022a4                __errno
 .text.strlen   0x080022b0       0x10 /home/manos/ARMToolchains/gcc-arm-none-eabi-4_9-2015q3/bin/../lib/gcc/arm-none-eabi/4.9.3/../../../../arm-none-eabi/lib/armv7e-m/libg_nano.a(lib_a-strlen.o)
                0x080022b0                strlen
 .text._vsnprintf_r
                0x080022c0       0x52 /home/manos/ARMToolchains/gcc-arm-none-eabi-4_9-2015q3/bin/../lib/gcc/arm-none-eabi/4.9.3/../../../../arm-none-eabi/lib/armv7e-m/libg_nano.a(lib_a-vsnprintf.o)
                0x080022c0                _vsnprintf_r
                0x080022c0                _vsniprintf_r
 *fill*         0x08002312        0x2 
 .text.vsnprintf
                0x08002314       0x20 /home/manos/ARMToolchains/gcc-arm-none-eabi-4_9-2015q3/bin/../lib/gcc/arm-none-eabi/4.9.3/../../../../arm-none-eabi/lib/armv7e-m/libg_nano.a(lib_a-vsnprintf.o)
                0x08002314                vsnprintf
                0x08002314                vsniprintf
 .text.__ssputs_r
                0x08002334       0xb2 /home/manos/ARMToolchains/gcc-arm-none-eabi-4_9-2015q3/bin/../lib/gcc/arm-none-eabi/4.9.3/../../../../arm-none-eabi/lib/armv7e-m/libg_nano.a(lib_a-nano-svfprintf.o)
                0x08002334                __ssputs_r
 *fill*         0x080023e6        0x2 
 .text._svfprintf_r
                0x080023e8      0x1e4 /home/manos/ARMToolchains/gcc-arm-none-eabi-4_9-2015q3/bin/../lib/gcc/arm-none-eabi/4.9.3/../../../../arm-none-eabi/lib/armv7e-m/libg_nano.a(lib_a-nano-svfprintf.o)
                0x080023e8                _svfprintf_r
                0x080023e8                _svfiprintf_r
 .text._printf_common
                0x080025cc       0xea /home/manos/ARMToolchains/gcc-arm-none-eabi-4_9-2015q3/bin/../lib/gcc/arm-none-eabi/4.9.3/../../../../arm-none-eabi/lib/armv7e-m/libg_nano.a(lib_a-nano-vfprintf_i.o)
                0x080025cc                _printf_common
 *fill*         0x080026b6        0x2 
 .text._printf_i
                0x080026b8      0x240 /home/manos/ARMToolchains/gcc-arm-none-eabi-4_9-2015q3/bin/../lib/gcc/arm-none-eabi/4.9.3/../../../../arm-none-eabi/lib/armv7e-m/libg_nano.a(lib_a-nano-vfprintf_i.o)
                0x080026b8                _printf_i
 .text.memchr   0x080028f8       0x1e /home/manos/ARMToolchains/gcc-arm-none-eabi-4_9-2015q3/bin/../lib/gcc/arm-none-eabi/4.9.3/../../../../arm-none-eabi/lib/armv7e-m/libg_nano.a(lib_a-memchr.o)
                0x080028f8                memchr
 .text.memcpy   0x08002916       0x16 /home/manos/ARMToolchains/gcc-arm-none-eabi-4_9-2015q3/bin/../lib/gcc/arm-none-eabi/4.9.3/../../../../arm-none-eabi/lib/armv7e-m/libg_nano.a(lib_a-memcpy.o)
                0x08002916                memcpy
 .text.memmove  0x0800292c       0x36 /home/manos/ARMToolchains/gcc-arm-none-eabi-4_9-2015q3/bin/../lib/gcc/arm-none-eabi/4.9.3/../../../../arm-none-eabi/lib/armv7e-m/libg_nano.a(lib_a-memmove.o)
                0x0800292c                memmove
 *fill*         0x08002962        0x2 
 .text._free_r  0x08002964       0x88 /home/manos/ARMToolchains/gcc-arm-none-eabi-4_9-2015q3/bin/../lib/gcc/arm-none-eabi/4.9.3/../../../../arm-none-eabi/lib/armv7e-m/libg_nano.a(lib_a-nano-freer.o)
                0x08002964                _free_r
 .text._malloc_r
                0x080029ec       0xac /home/manos/ARMToolchains/gcc-arm-none-eabi-4_9-2015q3/bin/../lib/gcc/arm-none-eabi/4.9.3/../../../../arm-none-eabi/lib/armv7e-m/libg_nano.a(lib_a-nano-mallocr.o)
                0x080029ec                _malloc_r
 .text._realloc_r
                0x08002a98       0x4c /home/manos/ARMToolchains/gcc-arm-none-eabi-4_9-2015q3/bin/../lib/gcc/arm-none-eabi/4.9.3/../../../../arm-none-eabi/lib/armv7e-m/libg_nano.a(lib_a-nano-reallocr.o)
                0x08002a98                _realloc_r
 .text._sbrk_r  0x08002ae4       0x20 /home/manos/ARMToolchains/gcc-arm-none-eabi-4_9-2015q3/bin/../lib/gcc/arm-none-eabi/4.9.3/../../../../arm-none-eabi/lib/armv7e-m/libg_nano.a(lib_a-sbrkr.o)
                0x08002ae4                _sbrk_r
 .text._malloc_usable_size_r
                0x08002b04       0x14 /home/manos/ARMToolchains/gcc-arm-none-eabi-4_9-2015q3/bin/../lib/gcc/arm-none-eabi/4.9.3/../../../../arm-none-eabi/lib/armv7e-m/libg_nano.a(lib_a-nano-msizer.o)
                0x08002b04                _malloc_usable_size_r
 *(.rodata .rodata.* .constdata .constdata.*)
 .rodata.str1.4
                0x08002b18       0x31 ./system/src/stm32f4-hal/stm32f4xx_hal_cortex.o
 *fill*         0x08002b49        0x3 
 .rodata.str1.4
                0x08002b4c       0x2f ./system/src/stm32f4-hal/stm32f4xx_hal_gpio.o
 *fill*         0x08002b7b        0x1 
 .rodata.str1.4
                0x08002b7c       0x2e ./system/src/stm32f4-hal/stm32f4xx_hal_i2c.o
 *fill*         0x08002baa        0x2 
 .rodata.APBAHBPrescTable
                0x08002bac       0x10 ./system/src/stm32f4-hal/stm32f4xx_hal_rcc.o
                0x08002bac                APBAHBPrescTable
 .rodata.str1.4
                0x08002bbc       0x2e ./system/src/stm32f4-hal/stm32f4xx_hal_rcc.o
 *fill*         0x08002bea        0x2 
 .rodata.str1.4
                0x08002bec       0x2e ./system/src/stm32f4-hal/stm32f4xx_hal_spi.o
 *fill*         0x08002c1a        0x2 
 .rodata.str1.4
                0x08002c1c       0x2f ./system/src/stm32f4-hal/stm32f4xx_hal_uart.o
 *fill*         0x08002c4b        0x1 
 .rodata.str1.4
                0x08002c4c       0x14 ./system/src/newlib/_exit.o
 .rodata.str1.4
                0x08002c60       0x6b ./system/src/newlib/assert.o
                                 0x6f (size before relaxing)
 *fill*         0x08002ccb        0x1 
 .rodata.str1.4
                0x08002ccc       0x29 ./system/src/diag/Trace.o
                                 0x2d (size before relaxing)
 *fill*         0x08002cf5        0x3 
 .rodata.str1.4
                0x08002cf8      0x148 ./system/src/cortexm/exception_handlers.o
                                0x146 (size before relaxing)
 .rodata.AHBPrescTable
                0x08002e40       0x10 ./system/src/cmsis/system_stm32f4xx.o
                0x08002e40                AHBPrescTable
 .rodata.str1.1
                0x08002e50        0x2 /home/manos/ARMToolchains/gcc-arm-none-eabi-4_9-2015q3/bin/../lib/gcc/arm-none-eabi/4.9.3/../../../../arm-none-eabi/lib/armv7e-m/libg_nano.a(lib_a-impure.o)
 .rodata.str1.1
                0x08002e52       0x11 /home/manos/ARMToolchains/gcc-arm-none-eabi-4_9-2015q3/bin/../lib/gcc/arm-none-eabi/4.9.3/../../../../arm-none-eabi/lib/armv7e-m/libg_nano.a(lib_a-nano-svfprintf.o)
 .rodata.str1.1
                0x08002e63       0x22 /home/manos/ARMToolchains/gcc-arm-none-eabi-4_9-2015q3/bin/../lib/gcc/arm-none-eabi/4.9.3/../../../../arm-none-eabi/lib/armv7e-m/libg_nano.a(lib_a-nano-vfprintf_i.o)
 *(vtable)
 *(.eh_frame*)
 *(.glue_7)
 .glue_7        0x00000000        0x0 linker stubs
 *(.glue_7t)
 .glue_7t       0x00000000        0x0 linker stubs

.vfp11_veneer   0x08002e88        0x0
 .vfp11_veneer  0x00000000        0x0 linker stubs

.v4_bx          0x08002e88        0x0
 .v4_bx         0x00000000        0x0 linker stubs

.iplt           0x08002e88        0x0
 .iplt          0x00000000        0x0 ./system/src/stm32f4-hal/stm32f4xx_hal.o

.rel.dyn        0x08002e88        0x0
 .rel.iplt      0x00000000        0x0 ./system/src/stm32f4-hal/stm32f4xx_hal.o

.ARM.extab
 *(.ARM.extab* .gnu.linkonce.armextab.*)
                0x08002e88                . = ALIGN (0x4)
                0x08002e88                __exidx_start = .

.ARM.exidx
 *(.ARM.exidx* .gnu.linkonce.armexidx.*)
                0x08002e88                __exidx_end = .
                0x08002e88                . = ALIGN (0x4)
                0x08002e88                _etext = .
                0x08002e88                __etext = .

.data_CCMRAM    0x10000000        0x0 load address 0x08002e88
 FILL mask 0xff
 *(.data.CCMRAM .data.CCMRAM.*)
                0x10000000                . = ALIGN (0x4)
                0x08002e88                _sidata = LOADADDR (.data)

.data           0x20000000       0x78 load address 0x08002e88
 FILL mask 0xff
                0x20000000                _sdata = .
                0x20000000                __data_start__ = .
 *(.data_begin .data_begin.*)
 .data_begin    0x20000000        0x4 ./system/src/newlib/_startup.o
 *(.data .data.*)
 .data.argv.4161
                0x20000004        0x8 ./system/src/newlib/_syscalls.o
 .data.SystemCoreClock
                0x2000000c        0x4 ./system/src/cmsis/system_stm32f4xx.o
                0x2000000c                SystemCoreClock
 .data.impure_data
                0x20000010       0x60 /home/manos/ARMToolchains/gcc-arm-none-eabi-4_9-2015q3/bin/../lib/gcc/arm-none-eabi/4.9.3/../../../../arm-none-eabi/lib/armv7e-m/libg_nano.a(lib_a-impure.o)
 .data._impure_ptr
                0x20000070        0x4 /home/manos/ARMToolchains/gcc-arm-none-eabi-4_9-2015q3/bin/../lib/gcc/arm-none-eabi/4.9.3/../../../../arm-none-eabi/lib/armv7e-m/libg_nano.a(lib_a-impure.o)
                0x20000070                _impure_ptr
 *(.data_end .data_end.*)
 .data_end      0x20000074        0x4 ./system/src/newlib/_startup.o
                0x20000078                . = ALIGN (0x4)
                0x20000078                _edata = .
                0x20000078                __data_end__ = .

.igot.plt       0x20000078        0x0 load address 0x08002f00
 .igot.plt      0x00000000        0x0 ./system/src/stm32f4-hal/stm32f4xx_hal.o

.bss_CCMRAM     0x10000000        0x0
 *(.bss.CCMRAM .bss.CCMRAM.*)

.bss            0x20000078      0x25c
                0x20000078                __bss_start__ = .
                0x20000078                _sbss = .
 *(.bss_begin .bss_begin.*)
 .bss_begin     0x20000078        0x4 ./system/src/newlib/_startup.o
 *(.bss .bss.*)
 .bss.current_heap_end.3862
                0x2000007c        0x4 ./system/src/newlib/_sbrk.o
 .bss.name.4160
                0x20000080        0x1 ./system/src/newlib/_syscalls.o
 *fill*         0x20000081        0x3 
 .bss.buf.4998  0x20000084       0x80 ./system/src/diag/Trace.o
 .bss.__malloc_sbrk_start
                0x20000104        0x4 /home/manos/ARMToolchains/gcc-arm-none-eabi-4_9-2015q3/bin/../lib/gcc/arm-none-eabi/4.9.3/../../../../arm-none-eabi/lib/armv7e-m/libg_nano.a(lib_a-nano-mallocr.o)
                0x20000104                __malloc_sbrk_start
 .bss.__malloc_free_list
                0x20000108        0x4 /home/manos/ARMToolchains/gcc-arm-none-eabi-4_9-2015q3/bin/../lib/gcc/arm-none-eabi/4.9.3/../../../../arm-none-eabi/lib/armv7e-m/libg_nano.a(lib_a-nano-mallocr.o)
                0x20000108                __malloc_free_list
 *(COMMON)
 COMMON         0x2000010c        0x4 ./system/src/stm32f4-hal/stm32f4xx_hal.o
                0x2000010c                uwTick
 COMMON         0x20000110        0x4 ./system/src/newlib/_syscalls.o
                0x20000110                errno
 COMMON         0x20000114      0x1b9 ./src/main.o
                0x20000114                hspi2
                0x2000016c                huart3
                0x200001ac                hi2c1
                0x200001f0                huart5
                0x20000230                aRxBuffer
                0x20000254                hspi1
                0x200002ac                aTxBuffer
 *(.bss_end .bss_end.*)
 *fill*         0x200002cd        0x3 
 .bss_end       0x200002d0        0x4 ./system/src/newlib/_startup.o
                0x200002d4                . = ALIGN (0x4)
                0x200002d4                __bss_end__ = .
                0x200002d4                _ebss = .

.noinit_CCMRAM
 *(.noinit.CCMRAM .noinit.CCMRAM.*)

.noinit         0x200002d4        0x0
                0x200002d4                _noinit = .
 *(.noinit .noinit.*)
                0x200002d4                . = ALIGN (0x4)
                0x200002d4                _end_noinit = .
                0x200002d4                PROVIDE (end, _end_noinit)
                0x200002d4                PROVIDE (_end, _end_noinit)
                0x200002d4                PROVIDE (__end, _end_noinit)
                0x200002d4                PROVIDE (__end__, _end_noinit)

._check_stack   0x200002d4      0x100
                0x200003d4                . = (. + _Minimum_Stack_Size)
 *fill*         0x200002d4      0x100 

.b1text
 *(.b1text)
 *(.b1rodata)
 *(.b1rodata.*)

.eb0text
 *(.eb0text)
 *(.eb0rodata)
 *(.eb0rodata.*)

.eb1text
 *(.eb1text)
 *(.eb1rodata)
 *(.eb1rodata.*)

.eb2text
 *(.eb2text)
 *(.eb2rodata)
 *(.eb2rodata.*)

.eb3text
 *(.eb3text)
 *(.eb3rodata)
 *(.eb3rodata.*)

.stab
 *(.stab)

.stabstr
 *(.stabstr)

.stab.excl
 *(.stab.excl)

.stab.exclstr
 *(.stab.exclstr)

.stab.index
 *(.stab.index)

.stab.indexstr
 *(.stab.indexstr)

.comment        0x00000000       0x70
 *(.comment)
 .comment       0x00000000       0x70 ./system/src/stm32f4-hal/stm32f4xx_hal.o
                                 0x71 (size before relaxing)
 .comment       0x00000000       0x71 ./system/src/stm32f4-hal/stm32f4xx_hal_cortex.o
 .comment       0x00000000       0x71 ./system/src/stm32f4-hal/stm32f4xx_hal_gpio.o
 .comment       0x00000000       0x71 ./system/src/stm32f4-hal/stm32f4xx_hal_i2c.o
 .comment       0x00000000       0x71 ./system/src/stm32f4-hal/stm32f4xx_hal_rcc.o
 .comment       0x00000000       0x71 ./system/src/stm32f4-hal/stm32f4xx_hal_spi.o
 .comment       0x00000000       0x71 ./system/src/stm32f4-hal/stm32f4xx_hal_uart.o
 .comment       0x00000000       0x71 ./system/src/newlib/_exit.o
 .comment       0x00000000       0x71 ./system/src/newlib/_sbrk.o
 .comment       0x00000000       0x71 ./system/src/newlib/_startup.o
 .comment       0x00000000       0x71 ./system/src/newlib/_syscalls.o
 .comment       0x00000000       0x71 ./system/src/newlib/assert.o
 .comment       0x00000000       0x71 ./system/src/diag/Trace.o
 .comment       0x00000000       0x71 ./system/src/diag/trace_impl.o
 .comment       0x00000000       0x71 ./system/src/cortexm/_initialize_hardware.o
 .comment       0x00000000       0x71 ./system/src/cortexm/exception_handlers.o
 .comment       0x00000000       0x71 ./system/src/cmsis/system_stm32f4xx.o
 .comment       0x00000000       0x71 ./system/src/cmsis/vectors_stm32f407xx.o
 .comment       0x00000000       0x71 ./src/_initialize_hardware.o
 .comment       0x00000000       0x71 ./src/main.o
 .comment       0x00000000       0x71 ./src/stm32f4xx_hal_msp.o

.ARM.attributes
                0x00000000       0x33
 .ARM.attributes
                0x00000000       0x33 ./system/src/stm32f4-hal/stm32f4xx_hal.o
 .ARM.attributes
                0x00000033       0x33 ./system/src/stm32f4-hal/stm32f4xx_hal_cortex.o
 .ARM.attributes
                0x00000066       0x33 ./system/src/stm32f4-hal/stm32f4xx_hal_gpio.o
 .ARM.attributes
                0x00000099       0x33 ./system/src/stm32f4-hal/stm32f4xx_hal_i2c.o
 .ARM.attributes
                0x000000cc       0x33 ./system/src/stm32f4-hal/stm32f4xx_hal_rcc.o
 .ARM.attributes
                0x000000ff       0x33 ./system/src/stm32f4-hal/stm32f4xx_hal_spi.o
 .ARM.attributes
                0x00000132       0x33 ./system/src/stm32f4-hal/stm32f4xx_hal_uart.o
 .ARM.attributes
                0x00000165       0x33 ./system/src/newlib/_exit.o
 .ARM.attributes
                0x00000198       0x33 ./system/src/newlib/_sbrk.o
 .ARM.attributes
                0x000001cb       0x33 ./system/src/newlib/_startup.o
 .ARM.attributes
                0x000001fe       0x33 ./system/src/newlib/_syscalls.o
 .ARM.attributes
                0x00000231       0x33 ./system/src/newlib/assert.o
 .ARM.attributes
                0x00000264       0x33 ./system/src/diag/Trace.o
 .ARM.attributes
                0x00000297       0x33 ./system/src/diag/trace_impl.o
 .ARM.attributes
                0x000002ca       0x33 ./system/src/cortexm/_initialize_hardware.o
 .ARM.attributes
                0x000002fd       0x33 ./system/src/cortexm/exception_handlers.o
 .ARM.attributes
                0x00000330       0x33 ./system/src/cmsis/system_stm32f4xx.o
 .ARM.attributes
                0x00000363       0x33 ./system/src/cmsis/vectors_stm32f407xx.o
 .ARM.attributes
                0x00000396       0x33 ./src/_initialize_hardware.o
 .ARM.attributes
                0x000003c9       0x33 ./src/main.o
 .ARM.attributes
                0x000003fc       0x33 ./src/stm32f4xx_hal_msp.o
 .ARM.attributes
                0x0000042f       0x2e /home/manos/ARMToolchains/gcc-arm-none-eabi-4_9-2015q3/bin/../lib/gcc/arm-none-eabi/4.9.3/../../../../arm-none-eabi/lib/armv7e-m/libg_nano.a(lib_a-errno.o)
 .ARM.attributes
                0x0000045d       0x2e /home/manos/ARMToolchains/gcc-arm-none-eabi-4_9-2015q3/bin/../lib/gcc/arm-none-eabi/4.9.3/../../../../arm-none-eabi/lib/armv7e-m/libg_nano.a(lib_a-impure.o)
 .ARM.attributes
                0x0000048b       0x2e /home/manos/ARMToolchains/gcc-arm-none-eabi-4_9-2015q3/bin/../lib/gcc/arm-none-eabi/4.9.3/../../../../arm-none-eabi/lib/armv7e-m/libg_nano.a(lib_a-strlen.o)
 .ARM.attributes
                0x000004b9       0x2e /home/manos/ARMToolchains/gcc-arm-none-eabi-4_9-2015q3/bin/../lib/gcc/arm-none-eabi/4.9.3/../../../../arm-none-eabi/lib/armv7e-m/libg_nano.a(lib_a-vsnprintf.o)
 .ARM.attributes
                0x000004e7       0x2e /home/manos/ARMToolchains/gcc-arm-none-eabi-4_9-2015q3/bin/../lib/gcc/arm-none-eabi/4.9.3/../../../../arm-none-eabi/lib/armv7e-m/libg_nano.a(lib_a-nano-svfprintf.o)
 .ARM.attributes
                0x00000515       0x2e /home/manos/ARMToolchains/gcc-arm-none-eabi-4_9-2015q3/bin/../lib/gcc/arm-none-eabi/4.9.3/../../../../arm-none-eabi/lib/armv7e-m/libg_nano.a(lib_a-nano-vfprintf_i.o)
 .ARM.attributes
                0x00000543       0x2e /home/manos/ARMToolchains/gcc-arm-none-eabi-4_9-2015q3/bin/../lib/gcc/arm-none-eabi/4.9.3/../../../../arm-none-eabi/lib/armv7e-m/libg_nano.a(lib_a-memchr.o)
 .ARM.attributes
                0x00000571       0x2e /home/manos/ARMToolchains/gcc-arm-none-eabi-4_9-2015q3/bin/../lib/gcc/arm-none-eabi/4.9.3/../../../../arm-none-eabi/lib/armv7e-m/libg_nano.a(lib_a-memcpy.o)
 .ARM.attributes
                0x0000059f       0x2e /home/manos/ARMToolchains/gcc-arm-none-eabi-4_9-2015q3/bin/../lib/gcc/arm-none-eabi/4.9.3/../../../../arm-none-eabi/lib/armv7e-m/libg_nano.a(lib_a-memmove.o)
 .ARM.attributes
                0x000005cd       0x2e /home/manos/ARMToolchains/gcc-arm-none-eabi-4_9-2015q3/bin/../lib/gcc/arm-none-eabi/4.9.3/../../../../arm-none-eabi/lib/armv7e-m/libg_nano.a(lib_a-nano-freer.o)
 .ARM.attributes
                0x000005fb       0x2e /home/manos/ARMToolchains/gcc-arm-none-eabi-4_9-2015q3/bin/../lib/gcc/arm-none-eabi/4.9.3/../../../../arm-none-eabi/lib/armv7e-m/libg_nano.a(lib_a-nano-mallocr.o)
 .ARM.attributes
                0x00000629       0x2e /home/manos/ARMToolchains/gcc-arm-none-eabi-4_9-2015q3/bin/../lib/gcc/arm-none-eabi/4.9.3/../../../../arm-none-eabi/lib/armv7e-m/libg_nano.a(lib_a-nano-reallocr.o)
 .ARM.attributes
                0x00000657       0x2e /home/manos/ARMToolchains/gcc-arm-none-eabi-4_9-2015q3/bin/../lib/gcc/arm-none-eabi/4.9.3/../../../../arm-none-eabi/lib/armv7e-m/libg_nano.a(lib_a-sbrkr.o)
 .ARM.attributes
                0x00000685       0x2e /home/manos/ARMToolchains/gcc-arm-none-eabi-4_9-2015q3/bin/../lib/gcc/arm-none-eabi/4.9.3/../../../../arm-none-eabi/lib/armv7e-m/libg_nano.a(lib_a-nano-msizer.o)

.debug
 *(.debug)

.line
 *(.line)

.debug_srcinfo
 *(.debug_srcinfo)

.debug_sfnames
 *(.debug_sfnames)

.debug_aranges  0x00000000      0xaa0
 *(.debug_aranges)
 .debug_aranges
                0x00000000       0xc0 ./system/src/stm32f4-hal/stm32f4xx_hal.o
 .debug_aranges
                0x000000c0       0x98 ./system/src/stm32f4-hal/stm32f4xx_hal_cortex.o
 .debug_aranges
                0x00000158       0x58 ./system/src/stm32f4-hal/stm32f4xx_hal_gpio.o
 .debug_aranges
                0x000001b0      0x260 ./system/src/stm32f4-hal/stm32f4xx_hal_i2c.o
 .debug_aranges
                0x00000410       0x88 ./system/src/stm32f4-hal/stm32f4xx_hal_rcc.o
 .debug_aranges
                0x00000498      0x1b0 ./system/src/stm32f4-hal/stm32f4xx_hal_spi.o
 .debug_aranges
                0x00000648      0x150 ./system/src/stm32f4-hal/stm32f4xx_hal_uart.o
 .debug_aranges
                0x00000798       0x28 ./system/src/newlib/_exit.o
 .debug_aranges
                0x000007c0       0x20 ./system/src/newlib/_sbrk.o
 .debug_aranges
                0x000007e0       0x40 ./system/src/newlib/_startup.o
 .debug_aranges
                0x00000820       0x30 ./system/src/newlib/_syscalls.o
 .debug_aranges
                0x00000850       0x28 ./system/src/newlib/assert.o
 .debug_aranges
                0x00000878       0x38 ./system/src/diag/Trace.o
 .debug_aranges
                0x000008b0       0x30 ./system/src/diag/trace_impl.o
 .debug_aranges
                0x000008e0       0x28 ./system/src/cortexm/_initialize_hardware.o
 .debug_aranges
                0x00000908       0x88 ./system/src/cortexm/exception_handlers.o
 .debug_aranges
                0x00000990       0x28 ./system/src/cmsis/system_stm32f4xx.o
 .debug_aranges
                0x000009b8       0x20 ./system/src/cmsis/vectors_stm32f407xx.o
 .debug_aranges
                0x000009d8       0x30 ./src/_initialize_hardware.o
 .debug_aranges
                0x00000a08       0x60 ./src/main.o
 .debug_aranges
                0x00000a68       0x38 ./src/stm32f4xx_hal_msp.o

.debug_pubnames
 *(.debug_pubnames)

.debug_info     0x00000000     0xd258
 *(.debug_info .gnu.linkonce.wi.*)
 .debug_info    0x00000000      0x921 ./system/src/stm32f4-hal/stm32f4xx_hal.o
 .debug_info    0x00000921     0x1117 ./system/src/stm32f4-hal/stm32f4xx_hal_cortex.o
 .debug_info    0x00001a38      0x86b ./system/src/stm32f4-hal/stm32f4xx_hal_gpio.o
 .debug_info    0x000022a3     0x33b1 ./system/src/stm32f4-hal/stm32f4xx_hal_i2c.o
 .debug_info    0x00005654      0xf93 ./system/src/stm32f4-hal/stm32f4xx_hal_rcc.o
 .debug_info    0x000065e7     0x1ac7 ./system/src/stm32f4-hal/stm32f4xx_hal_spi.o
 .debug_info    0x000080ae     0x14f0 ./system/src/stm32f4-hal/stm32f4xx_hal_uart.o
 .debug_info    0x0000959e      0x100 ./system/src/newlib/_exit.o
 .debug_info    0x0000969e      0x125 ./system/src/newlib/_sbrk.o
 .debug_info    0x000097c3      0x50f ./system/src/newlib/_startup.o
 .debug_info    0x00009cd2      0x1bc ./system/src/newlib/_syscalls.o
 .debug_info    0x00009e8e      0x1b0 ./system/src/newlib/assert.o
 .debug_info    0x0000a03e      0x32b ./system/src/diag/Trace.o
 .debug_info    0x0000a369      0x3dd ./system/src/diag/trace_impl.o
 .debug_info    0x0000a746      0x2ad ./system/src/cortexm/_initialize_hardware.o
 .debug_info    0x0000a9f3      0x7bb ./system/src/cortexm/exception_handlers.o
 .debug_info    0x0000b1ae      0x4a5 ./system/src/cmsis/system_stm32f4xx.o
 .debug_info    0x0000b653       0xd1 ./system/src/cmsis/vectors_stm32f407xx.o
 .debug_info    0x0000b724      0x87c ./src/_initialize_hardware.o
 .debug_info    0x0000bfa0     0x11d3 ./src/main.o
 .debug_info    0x0000d173       0xe5 ./src/stm32f4xx_hal_msp.o

.debug_abbrev   0x00000000     0x2223
 *(.debug_abbrev)
 .debug_abbrev  0x00000000      0x25d ./system/src/stm32f4-hal/stm32f4xx_hal.o
 .debug_abbrev  0x0000025d      0x2fc ./system/src/stm32f4-hal/stm32f4xx_hal_cortex.o
 .debug_abbrev  0x00000559      0x209 ./system/src/stm32f4-hal/stm32f4xx_hal_gpio.o
 .debug_abbrev  0x00000762      0x22d ./system/src/stm32f4-hal/stm32f4xx_hal_i2c.o
 .debug_abbrev  0x0000098f      0x306 ./system/src/stm32f4-hal/stm32f4xx_hal_rcc.o
 .debug_abbrev  0x00000c95      0x247 ./system/src/stm32f4-hal/stm32f4xx_hal_spi.o
 .debug_abbrev  0x00000edc      0x276 ./system/src/stm32f4-hal/stm32f4xx_hal_uart.o
 .debug_abbrev  0x00001152       0xa4 ./system/src/newlib/_exit.o
 .debug_abbrev  0x000011f6       0xbb ./system/src/newlib/_sbrk.o
 .debug_abbrev  0x000012b1      0x211 ./system/src/newlib/_startup.o
 .debug_abbrev  0x000014c2       0xee ./system/src/newlib/_syscalls.o
 .debug_abbrev  0x000015b0       0xc9 ./system/src/newlib/assert.o
 .debug_abbrev  0x00001679      0x178 ./system/src/diag/Trace.o
 .debug_abbrev  0x000017f1      0x188 ./system/src/diag/trace_impl.o
 .debug_abbrev  0x00001979       0xea ./system/src/cortexm/_initialize_hardware.o
 .debug_abbrev  0x00001a63      0x1d6 ./system/src/cortexm/exception_handlers.o
 .debug_abbrev  0x00001c39      0x104 ./system/src/cmsis/system_stm32f4xx.o
 .debug_abbrev  0x00001d3d       0x9d ./system/src/cmsis/vectors_stm32f407xx.o
 .debug_abbrev  0x00001dda      0x1a4 ./src/_initialize_hardware.o
 .debug_abbrev  0x00001f7e      0x23b ./src/main.o
 .debug_abbrev  0x000021b9       0x6a ./src/stm32f4xx_hal_msp.o

.debug_line     0x00000000     0xce7a
 *(.debug_line)
 .debug_line    0x00000000      0xb27 ./system/src/stm32f4-hal/stm32f4xx_hal.o
 .debug_line    0x00000b27      0xc0b ./system/src/stm32f4-hal/stm32f4xx_hal_cortex.o
 .debug_line    0x00001732      0xcbb ./system/src/stm32f4-hal/stm32f4xx_hal_gpio.o
 .debug_line    0x000023ed     0x1cfa ./system/src/stm32f4-hal/stm32f4xx_hal_i2c.o
 .debug_line    0x000040e7      0xdd3 ./system/src/stm32f4-hal/stm32f4xx_hal_rcc.o
 .debug_line    0x00004eba     0x1324 ./system/src/stm32f4-hal/stm32f4xx_hal_spi.o
 .debug_line    0x000061de     0x122e ./system/src/stm32f4-hal/stm32f4xx_hal_uart.o
 .debug_line    0x0000740c      0x2c6 ./system/src/newlib/_exit.o
 .debug_line    0x000076d2      0x274 ./system/src/newlib/_sbrk.o
 .debug_line    0x00007946      0x344 ./system/src/newlib/_startup.o
 .debug_line    0x00007c8a      0x3a0 ./system/src/newlib/_syscalls.o
 .debug_line    0x0000802a      0x2fd ./system/src/newlib/assert.o
 .debug_line    0x00008327      0x321 ./system/src/diag/Trace.o
 .debug_line    0x00008648      0xa2f ./system/src/diag/trace_impl.o
 .debug_line    0x00009077      0x9cb ./system/src/cortexm/_initialize_hardware.o
 .debug_line    0x00009a42      0xae8 ./system/src/cortexm/exception_handlers.o
 .debug_line    0x0000a52a      0x9cb ./system/src/cmsis/system_stm32f4xx.o
 .debug_line    0x0000aef5      0x108 ./system/src/cmsis/vectors_stm32f407xx.o
 .debug_line    0x0000affd      0x9d2 ./src/_initialize_hardware.o
 .debug_line    0x0000b9cf      0xae6 ./src/main.o
 .debug_line    0x0000c4b5      0x9c5 ./src/stm32f4xx_hal_msp.o

.debug_frame    0x00000000     0x1e88
 *(.debug_frame)
 .debug_frame   0x00000000      0x188 ./system/src/stm32f4-hal/stm32f4xx_hal.o
 .debug_frame   0x00000188      0x17c ./system/src/stm32f4-hal/stm32f4xx_hal_cortex.o
 .debug_frame   0x00000304       0xfc ./system/src/stm32f4-hal/stm32f4xx_hal_gpio.o
 .debug_frame   0x00000400      0x7e4 ./system/src/stm32f4-hal/stm32f4xx_hal_i2c.o
 .debug_frame   0x00000be4      0x144 ./system/src/stm32f4-hal/stm32f4xx_hal_rcc.o
 .debug_frame   0x00000d28      0x510 ./system/src/stm32f4-hal/stm32f4xx_hal_spi.o
 .debug_frame   0x00001238      0x39c ./system/src/stm32f4-hal/stm32f4xx_hal_uart.o
 .debug_frame   0x000015d4       0x38 ./system/src/newlib/_exit.o
 .debug_frame   0x0000160c       0x28 ./system/src/newlib/_sbrk.o
 .debug_frame   0x00001634       0x7c ./system/src/newlib/_startup.o
 .debug_frame   0x000016b0       0x50 ./system/src/newlib/_syscalls.o
 .debug_frame   0x00001700       0x40 ./system/src/newlib/assert.o
 .debug_frame   0x00001740       0x94 ./system/src/diag/Trace.o
 .debug_frame   0x000017d4       0x54 ./system/src/diag/trace_impl.o
 .debug_frame   0x00001828       0x40 ./system/src/cortexm/_initialize_hardware.o
 .debug_frame   0x00001868      0x144 ./system/src/cortexm/exception_handlers.o
 .debug_frame   0x000019ac       0x30 ./system/src/cmsis/system_stm32f4xx.o
 .debug_frame   0x000019dc       0x20 ./system/src/cmsis/vectors_stm32f407xx.o
 .debug_frame   0x000019fc       0x64 ./src/_initialize_hardware.o
 .debug_frame   0x00001a60      0x10c ./src/main.o
 .debug_frame   0x00001b6c       0x50 ./src/stm32f4xx_hal_msp.o
 .debug_frame   0x00001bbc       0x20 /home/manos/ARMToolchains/gcc-arm-none-eabi-4_9-2015q3/bin/../lib/gcc/arm-none-eabi/4.9.3/../../../../arm-none-eabi/lib/armv7e-m/libg_nano.a(lib_a-errno.o)
 .debug_frame   0x00001bdc       0x20 /home/manos/ARMToolchains/gcc-arm-none-eabi-4_9-2015q3/bin/../lib/gcc/arm-none-eabi/4.9.3/../../../../arm-none-eabi/lib/armv7e-m/libg_nano.a(lib_a-strlen.o)
 .debug_frame   0x00001bfc       0x50 /home/manos/ARMToolchains/gcc-arm-none-eabi-4_9-2015q3/bin/../lib/gcc/arm-none-eabi/4.9.3/../../../../arm-none-eabi/lib/armv7e-m/libg_nano.a(lib_a-vsnprintf.o)
 .debug_frame   0x00001c4c       0x8c /home/manos/ARMToolchains/gcc-arm-none-eabi-4_9-2015q3/bin/../lib/gcc/arm-none-eabi/4.9.3/../../../../arm-none-eabi/lib/armv7e-m/libg_nano.a(lib_a-nano-svfprintf.o)
 .debug_frame   0x00001cd8       0x58 /home/manos/ARMToolchains/gcc-arm-none-eabi-4_9-2015q3/bin/../lib/gcc/arm-none-eabi/4.9.3/../../../../arm-none-eabi/lib/armv7e-m/libg_nano.a(lib_a-nano-vfprintf_i.o)
 .debug_frame   0x00001d30       0x28 /home/manos/ARMToolchains/gcc-arm-none-eabi-4_9-2015q3/bin/../lib/gcc/arm-none-eabi/4.9.3/../../../../arm-none-eabi/lib/armv7e-m/libg_nano.a(lib_a-memchr.o)
 .debug_frame   0x00001d58       0x28 /home/manos/ARMToolchains/gcc-arm-none-eabi-4_9-2015q3/bin/../lib/gcc/arm-none-eabi/4.9.3/../../../../arm-none-eabi/lib/armv7e-m/libg_nano.a(lib_a-memcpy.o)
 .debug_frame   0x00001d80       0x28 /home/manos/ARMToolchains/gcc-arm-none-eabi-4_9-2015q3/bin/../lib/gcc/arm-none-eabi/4.9.3/../../../../arm-none-eabi/lib/armv7e-m/libg_nano.a(lib_a-memmove.o)
 .debug_frame   0x00001da8       0x2c /home/manos/ARMToolchains/gcc-arm-none-eabi-4_9-2015q3/bin/../lib/gcc/arm-none-eabi/4.9.3/../../../../arm-none-eabi/lib/armv7e-m/libg_nano.a(lib_a-nano-freer.o)
 .debug_frame   0x00001dd4       0x2c /home/manos/ARMToolchains/gcc-arm-none-eabi-4_9-2015q3/bin/../lib/gcc/arm-none-eabi/4.9.3/../../../../arm-none-eabi/lib/armv7e-m/libg_nano.a(lib_a-nano-mallocr.o)
 .debug_frame   0x00001e00       0x3c /home/manos/ARMToolchains/gcc-arm-none-eabi-4_9-2015q3/bin/../lib/gcc/arm-none-eabi/4.9.3/../../../../arm-none-eabi/lib/armv7e-m/libg_nano.a(lib_a-nano-reallocr.o)
 .debug_frame   0x00001e3c       0x2c /home/manos/ARMToolchains/gcc-arm-none-eabi-4_9-2015q3/bin/../lib/gcc/arm-none-eabi/4.9.3/../../../../arm-none-eabi/lib/armv7e-m/libg_nano.a(lib_a-sbrkr.o)
 .debug_frame   0x00001e68       0x20 /home/manos/ARMToolchains/gcc-arm-none-eabi-4_9-2015q3/bin/../lib/gcc/arm-none-eabi/4.9.3/../../../../arm-none-eabi/lib/armv7e-m/libg_nano.a(lib_a-nano-msizer.o)

.debug_str      0x00000000    0xa7a49
 *(.debug_str)
 .debug_str     0x00000000    0xa245f ./system/src/stm32f4-hal/stm32f4xx_hal.o
                              0xa283d (size before relaxing)
 .debug_str     0x000a245f      0x386 ./system/src/stm32f4-hal/stm32f4xx_hal_cortex.o
                              0xa26a7 (size before relaxing)
 .debug_str     0x000a27e5      0x2d7 ./system/src/stm32f4-hal/stm32f4xx_hal_gpio.o
                              0xa20b0 (size before relaxing)
 .debug_str     0x000a2abc      0xf31 ./system/src/stm32f4-hal/stm32f4xx_hal_i2c.o
                              0xa2c63 (size before relaxing)
 .debug_str     0x000a39ed      0x37f ./system/src/stm32f4-hal/stm32f4xx_hal_rcc.o
                              0xa224e (size before relaxing)
 .debug_str     0x000a3d6c      0x656 ./system/src/stm32f4-hal/stm32f4xx_hal_spi.o
                              0xa2623 (size before relaxing)
 .debug_str     0x000a43c2      0x4b6 ./system/src/stm32f4-hal/stm32f4xx_hal_uart.o
                              0xa252a (size before relaxing)
 .debug_str     0x000a4878     0x108b ./system/src/newlib/_exit.o
                               0x6013 (size before relaxing)
 .debug_str     0x000a5903      0x4de ./system/src/newlib/_sbrk.o
                               0x5424 (size before relaxing)
 .debug_str     0x000a5de1      0x2cc ./system/src/newlib/_startup.o
                               0x5062 (size before relaxing)
 .debug_str     0x000a60ad     0x11be ./system/src/newlib/_syscalls.o
                               0x6624 (size before relaxing)
 .debug_str     0x000a726b       0xd5 ./system/src/newlib/assert.o
                               0x6b1c (size before relaxing)
 .debug_str     0x000a7340      0x184 ./system/src/diag/Trace.o
                               0x6934 (size before relaxing)
 .debug_str     0x000a74c4       0xd7 ./system/src/diag/trace_impl.o
                              0xa2d08 (size before relaxing)
 .debug_str     0x000a759b       0x5e ./system/src/cortexm/_initialize_hardware.o
                              0xa1d5b (size before relaxing)
 .debug_str     0x000a75f9      0x1e5 ./system/src/cortexm/exception_handlers.o
                              0xa2e45 (size before relaxing)
 .debug_str     0x000a77de       0x46 ./system/src/cmsis/system_stm32f4xx.o
                              0xa1e44 (size before relaxing)
 .debug_str     0x000a7824       0x59 ./system/src/cmsis/vectors_stm32f407xx.o
                               0x3074 (size before relaxing)
 .debug_str     0x000a787d       0x31 ./src/_initialize_hardware.o
                              0xa24db (size before relaxing)
 .debug_str     0x000a78ae      0x15e ./src/main.o
                              0xa3829 (size before relaxing)
 .debug_str     0x000a7a0c       0x3d ./src/stm32f4xx_hal_msp.o
                              0xa1c8f (size before relaxing)

.debug_loc      0x00000000     0x6834
 *(.debug_loc)
 .debug_loc     0x00000000       0x90 ./system/src/stm32f4-hal/stm32f4xx_hal.o
 .debug_loc     0x00000090      0x61b ./system/src/stm32f4-hal/stm32f4xx_hal_cortex.o
 .debug_loc     0x000006ab      0x488 ./system/src/stm32f4-hal/stm32f4xx_hal_gpio.o
 .debug_loc     0x00000b33     0x2bc7 ./system/src/stm32f4-hal/stm32f4xx_hal_i2c.o
 .debug_loc     0x000036fa      0x607 ./system/src/stm32f4-hal/stm32f4xx_hal_rcc.o
 .debug_loc     0x00003d01     0x11a1 ./system/src/stm32f4-hal/stm32f4xx_hal_spi.o
 .debug_loc     0x00004ea2      0xf08 ./system/src/stm32f4-hal/stm32f4xx_hal_uart.o
 .debug_loc     0x00005daa       0x82 ./system/src/newlib/_sbrk.o
 .debug_loc     0x00005e2c      0x36e ./system/src/newlib/_startup.o
 .debug_loc     0x0000619a       0x63 ./system/src/newlib/_syscalls.o
 .debug_loc     0x000061fd       0xec ./system/src/newlib/assert.o
 .debug_loc     0x000062e9       0xf7 ./system/src/diag/Trace.o
 .debug_loc     0x000063e0       0x97 ./system/src/diag/trace_impl.o
 .debug_loc     0x00006477      0x184 ./system/src/cortexm/exception_handlers.o
 .debug_loc     0x000065fb      0x137 ./system/src/cmsis/system_stm32f4xx.o
 .debug_loc     0x00006732      0x102 ./src/main.o

.debug_macinfo
 *(.debug_macinfo)

.debug_weaknames
 *(.debug_weaknames)

.debug_funcnames
 *(.debug_funcnames)

.debug_typenames
 *(.debug_typenames)

.debug_varnames
 *(.debug_varnames)
OUTPUT(CommsDiagnostic.elf elf32-littlearm)

.debug_ranges   0x00000000      0x950
 .debug_ranges  0x00000000       0xb0 ./system/src/stm32f4-hal/stm32f4xx_hal.o
 .debug_ranges  0x000000b0       0x88 ./system/src/stm32f4-hal/stm32f4xx_hal_cortex.o
 .debug_ranges  0x00000138       0x48 ./system/src/stm32f4-hal/stm32f4xx_hal_gpio.o
 .debug_ranges  0x00000180      0x250 ./system/src/stm32f4-hal/stm32f4xx_hal_i2c.o
 .debug_ranges  0x000003d0       0x78 ./system/src/stm32f4-hal/stm32f4xx_hal_rcc.o
 .debug_ranges  0x00000448      0x1a0 ./system/src/stm32f4-hal/stm32f4xx_hal_spi.o
 .debug_ranges  0x000005e8      0x140 ./system/src/stm32f4-hal/stm32f4xx_hal_uart.o
 .debug_ranges  0x00000728       0x18 ./system/src/newlib/_exit.o
 .debug_ranges  0x00000740       0x10 ./system/src/newlib/_sbrk.o
 .debug_ranges  0x00000750       0x30 ./system/src/newlib/_startup.o
 .debug_ranges  0x00000780       0x20 ./system/src/newlib/_syscalls.o
 .debug_ranges  0x000007a0       0x18 ./system/src/newlib/assert.o
 .debug_ranges  0x000007b8       0x28 ./system/src/diag/Trace.o
 .debug_ranges  0x000007e0       0x20 ./system/src/diag/trace_impl.o
 .debug_ranges  0x00000800       0x18 ./system/src/cortexm/_initialize_hardware.o
 .debug_ranges  0x00000818       0x78 ./system/src/cortexm/exception_handlers.o
 .debug_ranges  0x00000890       0x18 ./system/src/cmsis/system_stm32f4xx.o
 .debug_ranges  0x000008a8       0x10 ./system/src/cmsis/vectors_stm32f407xx.o
 .debug_ranges  0x000008b8       0x20 ./src/_initialize_hardware.o
 .debug_ranges  0x000008d8       0x50 ./src/main.o
 .debug_ranges  0x00000928       0x28 ./src/stm32f4xx_hal_msp.o

.debug_macro    0x00000000    0x1babd
 .debug_macro   0x00000000      0x4c5 ./system/src/stm32f4-hal/stm32f4xx_hal.o
 .debug_macro   0x000004c5      0x898 ./system/src/stm32f4-hal/stm32f4xx_hal.o
 .debug_macro   0x00000d5d      0x283 ./system/src/stm32f4-hal/stm32f4xx_hal.o
 .debug_macro   0x00000fe0       0x2e ./system/src/stm32f4-hal/stm32f4xx_hal.o
 .debug_macro   0x0000100e       0x28 ./system/src/stm32f4-hal/stm32f4xx_hal.o
 .debug_macro   0x00001036      0x34e ./system/src/stm32f4-hal/stm32f4xx_hal.o
 .debug_macro   0x00001384       0x35 ./system/src/stm32f4-hal/stm32f4xx_hal.o
 .debug_macro   0x000013b9       0x50 ./system/src/stm32f4-hal/stm32f4xx_hal.o
 .debug_macro   0x00001409      0xe66 ./system/src/stm32f4-hal/stm32f4xx_hal.o
 .debug_macro   0x0000226f     0x929b ./system/src/stm32f4-hal/stm32f4xx_hal.o
 .debug_macro   0x0000b50a       0x43 ./system/src/stm32f4-hal/stm32f4xx_hal.o
 .debug_macro   0x0000b54d     0x33a6 ./system/src/stm32f4-hal/stm32f4xx_hal.o
 .debug_macro   0x0000e8f3       0x58 ./system/src/stm32f4-hal/stm32f4xx_hal.o
 .debug_macro   0x0000e94b       0x22 ./system/src/stm32f4-hal/stm32f4xx_hal.o
 .debug_macro   0x0000e96d       0x35 ./system/src/stm32f4-hal/stm32f4xx_hal.o
 .debug_macro   0x0000e9a2       0x9c ./system/src/stm32f4-hal/stm32f4xx_hal.o
 .debug_macro   0x0000ea3e       0x16 ./system/src/stm32f4-hal/stm32f4xx_hal.o
 .debug_macro   0x0000ea54       0x4a ./system/src/stm32f4-hal/stm32f4xx_hal.o
 .debug_macro   0x0000ea9e       0x97 ./system/src/stm32f4-hal/stm32f4xx_hal.o
 .debug_macro   0x0000eb35      0x27a ./system/src/stm32f4-hal/stm32f4xx_hal.o
 .debug_macro   0x0000edaf       0xf6 ./system/src/stm32f4-hal/stm32f4xx_hal.o
 .debug_macro   0x0000eea5       0x10 ./system/src/stm32f4-hal/stm32f4xx_hal.o
 .debug_macro   0x0000eeb5       0x52 ./system/src/stm32f4-hal/stm32f4xx_hal.o
 .debug_macro   0x0000ef07       0x16 ./system/src/stm32f4-hal/stm32f4xx_hal.o
 .debug_macro   0x0000ef1d       0x43 ./system/src/stm32f4-hal/stm32f4xx_hal.o
 .debug_macro   0x0000ef60      0x180 ./system/src/stm32f4-hal/stm32f4xx_hal.o
 .debug_macro   0x0000f0e0       0x10 ./system/src/stm32f4-hal/stm32f4xx_hal.o
 .debug_macro   0x0000f0f0       0x22 ./system/src/stm32f4-hal/stm32f4xx_hal.o
 .debug_macro   0x0000f112       0x22 ./system/src/stm32f4-hal/stm32f4xx_hal.o
 .debug_macro   0x0000f134       0xbe ./system/src/stm32f4-hal/stm32f4xx_hal.o
 .debug_macro   0x0000f1f2       0x16 ./system/src/stm32f4-hal/stm32f4xx_hal.o
 .debug_macro   0x0000f208      0x197 ./system/src/stm32f4-hal/stm32f4xx_hal.o
 .debug_macro   0x0000f39f       0x57 ./system/src/stm32f4-hal/stm32f4xx_hal.o
 .debug_macro   0x0000f3f6      0x964 ./system/src/stm32f4-hal/stm32f4xx_hal.o
 .debug_macro   0x0000fd5a      0x9da ./system/src/stm32f4-hal/stm32f4xx_hal.o
 .debug_macro   0x00010734      0x11e ./system/src/stm32f4-hal/stm32f4xx_hal.o
 .debug_macro   0x00010852      0x13e ./system/src/stm32f4-hal/stm32f4xx_hal.o
 .debug_macro   0x00010990       0x27 ./system/src/stm32f4-hal/stm32f4xx_hal.o
 .debug_macro   0x000109b7      0x272 ./system/src/stm32f4-hal/stm32f4xx_hal.o
 .debug_macro   0x00010c29       0x5f ./system/src/stm32f4-hal/stm32f4xx_hal.o
 .debug_macro   0x00010c88      0x23a ./system/src/stm32f4-hal/stm32f4xx_hal.o
 .debug_macro   0x00010ec2      0x391 ./system/src/stm32f4-hal/stm32f4xx_hal.o
 .debug_macro   0x00011253      0x16f ./system/src/stm32f4-hal/stm32f4xx_hal.o
 .debug_macro   0x000113c2       0xf9 ./system/src/stm32f4-hal/stm32f4xx_hal.o
 .debug_macro   0x000114bb      0x36e ./system/src/stm32f4-hal/stm32f4xx_hal.o
 .debug_macro   0x00011829       0x23 ./system/src/stm32f4-hal/stm32f4xx_hal.o
 .debug_macro   0x0001184c       0xe6 ./system/src/stm32f4-hal/stm32f4xx_hal.o
 .debug_macro   0x00011932       0xa1 ./system/src/stm32f4-hal/stm32f4xx_hal.o
 .debug_macro   0x000119d3       0x3c ./system/src/stm32f4-hal/stm32f4xx_hal.o
 .debug_macro   0x00011a0f      0x1af ./system/src/stm32f4-hal/stm32f4xx_hal.o
 .debug_macro   0x00011bbe      0xcd6 ./system/src/stm32f4-hal/stm32f4xx_hal.o
 .debug_macro   0x00012894      0x13a ./system/src/stm32f4-hal/stm32f4xx_hal.o
 .debug_macro   0x000129ce      0x21e ./system/src/stm32f4-hal/stm32f4xx_hal.o
 .debug_macro   0x00012bec       0x2e ./system/src/stm32f4-hal/stm32f4xx_hal.o
 .debug_macro   0x00012c1a      0x512 ./system/src/stm32f4-hal/stm32f4xx_hal.o
 .debug_macro   0x0001312c       0x88 ./system/src/stm32f4-hal/stm32f4xx_hal.o
 .debug_macro   0x000131b4       0xd5 ./system/src/stm32f4-hal/stm32f4xx_hal.o
 .debug_macro   0x00013289      0x183 ./system/src/stm32f4-hal/stm32f4xx_hal.o
 .debug_macro   0x0001340c      0x1a7 ./system/src/stm32f4-hal/stm32f4xx_hal.o
 .debug_macro   0x000135b3       0xa5 ./system/src/stm32f4-hal/stm32f4xx_hal.o
 .debug_macro   0x00013658      0x18b ./system/src/stm32f4-hal/stm32f4xx_hal.o
 .debug_macro   0x000137e3       0x24 ./system/src/stm32f4-hal/stm32f4xx_hal.o
 .debug_macro   0x00013807       0x35 ./system/src/stm32f4-hal/stm32f4xx_hal.o
 .debug_macro   0x0001383c       0x97 ./system/src/stm32f4-hal/stm32f4xx_hal.o
 .debug_macro   0x000138d3      0x11e ./system/src/stm32f4-hal/stm32f4xx_hal.o
 .debug_macro   0x000139f1       0x7f ./system/src/stm32f4-hal/stm32f4xx_hal.o
 .debug_macro   0x00013a70       0x89 ./system/src/stm32f4-hal/stm32f4xx_hal.o
 .debug_macro   0x00013af9       0x7e ./system/src/stm32f4-hal/stm32f4xx_hal.o
 .debug_macro   0x00013b77      0x31a ./system/src/stm32f4-hal/stm32f4xx_hal.o
 .debug_macro   0x00013e91      0x409 ./system/src/stm32f4-hal/stm32f4xx_hal.o
 .debug_macro   0x0001429a       0xe4 ./system/src/stm32f4-hal/stm32f4xx_hal.o
 .debug_macro   0x0001437e      0x48d ./system/src/stm32f4-hal/stm32f4xx_hal.o
 .debug_macro   0x0001480b      0x22b ./system/src/stm32f4-hal/stm32f4xx_hal.o
 .debug_macro   0x00014a36      0x202 ./system/src/stm32f4-hal/stm32f4xx_hal.o
 .debug_macro   0x00014c38      0x6d9 ./system/src/stm32f4-hal/stm32f4xx_hal.o
 .debug_macro   0x00015311       0x5b ./system/src/stm32f4-hal/stm32f4xx_hal.o
 .debug_macro   0x0001536c      0x14d ./system/src/stm32f4-hal/stm32f4xx_hal.o
 .debug_macro   0x000154b9      0x287 ./system/src/stm32f4-hal/stm32f4xx_hal.o
 .debug_macro   0x00015740      0x225 ./system/src/stm32f4-hal/stm32f4xx_hal.o
 .debug_macro   0x00015965      0x1b5 ./system/src/stm32f4-hal/stm32f4xx_hal.o
 .debug_macro   0x00015b1a      0x2db ./system/src/stm32f4-hal/stm32f4xx_hal.o
 .debug_macro   0x00015df5       0x94 ./system/src/stm32f4-hal/stm32f4xx_hal.o
 .debug_macro   0x00015e89      0x1df ./system/src/stm32f4-hal/stm32f4xx_hal.o
 .debug_macro   0x00016068      0x115 ./system/src/stm32f4-hal/stm32f4xx_hal.o
 .debug_macro   0x0001617d       0x6e ./system/src/stm32f4-hal/stm32f4xx_hal.o
 .debug_macro   0x000161eb      0x125 ./system/src/stm32f4-hal/stm32f4xx_hal.o
 .debug_macro   0x00016310      0x477 ./system/src/stm32f4-hal/stm32f4xx_hal_cortex.o
 .debug_macro   0x00016787      0x4af ./system/src/stm32f4-hal/stm32f4xx_hal_gpio.o
 .debug_macro   0x00016c36      0x4be ./system/src/stm32f4-hal/stm32f4xx_hal_i2c.o
 .debug_macro   0x000170f4      0x4a1 ./system/src/stm32f4-hal/stm32f4xx_hal_rcc.o
 .debug_macro   0x00017595      0x47f ./system/src/stm32f4-hal/stm32f4xx_hal_spi.o
 .debug_macro   0x00017a14      0x478 ./system/src/stm32f4-hal/stm32f4xx_hal_uart.o
 .debug_macro   0x00017e8c      0x131 ./system/src/newlib/_exit.o
 .debug_macro   0x00017fbd      0x10e ./system/src/newlib/_exit.o
 .debug_macro   0x000180cb       0x86 ./system/src/newlib/_exit.o
 .debug_macro   0x00018151       0x35 ./system/src/newlib/_exit.o
 .debug_macro   0x00018186       0xed ./system/src/newlib/_sbrk.o
 .debug_macro   0x00018273      0x16d ./system/src/newlib/_sbrk.o
 .debug_macro   0x000183e0       0x10 ./system/src/newlib/_sbrk.o
 .debug_macro   0x000183f0      0x23b ./system/src/newlib/_sbrk.o
 .debug_macro   0x0001862b       0xf7 ./system/src/newlib/_startup.o
 .debug_macro   0x00018722      0x89e ./system/src/newlib/_startup.o
 .debug_macro   0x00018fc0      0x1ad ./system/src/newlib/_syscalls.o
 .debug_macro   0x0001916d       0x1c ./system/src/newlib/_syscalls.o
 .debug_macro   0x00019189       0x10 ./system/src/newlib/_syscalls.o
 .debug_macro   0x00019199       0x10 ./system/src/newlib/_syscalls.o
 .debug_macro   0x000191a9       0x10 ./system/src/newlib/_syscalls.o
 .debug_macro   0x000191b9       0x10 ./system/src/newlib/_syscalls.o
 .debug_macro   0x000191c9       0x35 ./system/src/newlib/_syscalls.o
 .debug_macro   0x000191fe      0x122 ./system/src/newlib/_syscalls.o
 .debug_macro   0x00019320       0x2e ./system/src/newlib/_syscalls.o
 .debug_macro   0x0001934e       0x82 ./system/src/newlib/_syscalls.o
 .debug_macro   0x000193d0       0x2b ./system/src/newlib/_syscalls.o
 .debug_macro   0x000193fb      0x118 ./system/src/newlib/_syscalls.o
 .debug_macro   0x00019513      0x159 ./system/src/newlib/_syscalls.o
 .debug_macro   0x0001966c       0x16 ./system/src/newlib/_syscalls.o
 .debug_macro   0x00019682      0x14d ./system/src/newlib/assert.o
 .debug_macro   0x000197cf       0x1c ./system/src/newlib/assert.o
 .debug_macro   0x000197eb      0x15e ./system/src/diag/Trace.o
 .debug_macro   0x00019949       0x52 ./system/src/diag/Trace.o
 .debug_macro   0x0001999b       0x16 ./system/src/diag/Trace.o
 .debug_macro   0x000199b1      0x4b2 ./system/src/diag/trace_impl.o
 .debug_macro   0x00019e63      0x481 ./system/src/cortexm/_initialize_hardware.o
 .debug_macro   0x0001a2e4      0x4d6 ./system/src/cortexm/exception_handlers.o
 .debug_macro   0x0001a7ba       0x3b ./system/src/cortexm/exception_handlers.o
 .debug_macro   0x0001a7f5       0x22 ./system/src/cortexm/exception_handlers.o
 .debug_macro   0x0001a817      0x47d ./system/src/cmsis/system_stm32f4xx.o
 .debug_macro   0x0001ac94       0x34 ./system/src/cmsis/vectors_stm32f407xx.o
 .debug_macro   0x0001acc8      0x477 ./src/_initialize_hardware.o
 .debug_macro   0x0001b13f      0x4df ./src/main.o
 .debug_macro   0x0001b61e       0x28 ./src/main.o
 .debug_macro   0x0001b646      0x477 ./src/stm32f4xx_hal_msp.o
