Archive member included because of file (symbol)

/home/manos/ARMToolchains/gcc-arm-none-eabi-4_9-2015q3/bin/../lib/gcc/arm-none-eabi/4.9.3/../../../../arm-none-eabi/lib/armv7e-m/libg_nano.a(lib_a-errno.o)
                              ./system/src/newlib/_sbrk.o (__errno)
/home/manos/ARMToolchains/gcc-arm-none-eabi-4_9-2015q3/bin/../lib/gcc/arm-none-eabi/4.9.3/../../../../arm-none-eabi/lib/armv7e-m/libg_nano.a(lib_a-impure.o)
                              /home/manos/ARMToolchains/gcc-arm-none-eabi-4_9-2015q3/bin/../lib/gcc/arm-none-eabi/4.9.3/../../../../arm-none-eabi/lib/armv7e-m/libg_nano.a(lib_a-errno.o) (_impure_ptr)

Allocating common symbols
Common symbol       size              file

hspi2               0x58              ./src/main.o
errno               0x4               ./system/src/newlib/_syscalls.o
huart3              0x40              ./src/main.o
hi2c1               0x44              ./src/main.o
uwTick              0x4               ./system/src/stm32f4-hal/stm32f4xx_hal.o
pFlash              0x20              ./system/src/stm32f4-hal/stm32f4xx_hal_flash.o
huart5              0x40              ./src/main.o
aRxBuffer           0x21              ./src/main.o
hspi1               0x58              ./src/main.o
aTxBuffer           0x21              ./src/main.o

Discarded input sections

 .text          0x00000000        0x0 ./system/src/stm32f4-hal/stm32f4xx_hal.o
 .data          0x00000000        0x0 ./system/src/stm32f4-hal/stm32f4xx_hal.o
 .bss           0x00000000        0x0 ./system/src/stm32f4-hal/stm32f4xx_hal.o
 .text.HAL_MspInit
                0x00000000        0x2 ./system/src/stm32f4-hal/stm32f4xx_hal.o
 .text.HAL_MspDeInit
                0x00000000        0x2 ./system/src/stm32f4-hal/stm32f4xx_hal.o
 .text.HAL_DeInit
                0x00000000       0x2c ./system/src/stm32f4-hal/stm32f4xx_hal.o
 .text.HAL_Delay
                0x00000000       0x1a ./system/src/stm32f4-hal/stm32f4xx_hal.o
 .text.HAL_SuspendTick
                0x00000000       0x10 ./system/src/stm32f4-hal/stm32f4xx_hal.o
 .text.HAL_ResumeTick
                0x00000000       0x10 ./system/src/stm32f4-hal/stm32f4xx_hal.o
 .text.HAL_GetHalVersion
                0x00000000        0x8 ./system/src/stm32f4-hal/stm32f4xx_hal.o
 .text.HAL_GetDEVID
                0x00000000       0x10 ./system/src/stm32f4-hal/stm32f4xx_hal.o
 .text.HAL_DBGMCU_EnableDBGSleepMode
                0x00000000       0x10 ./system/src/stm32f4-hal/stm32f4xx_hal.o
 .text.HAL_DBGMCU_DisableDBGSleepMode
                0x00000000       0x10 ./system/src/stm32f4-hal/stm32f4xx_hal.o
 .text.HAL_DBGMCU_EnableDBGStopMode
                0x00000000       0x10 ./system/src/stm32f4-hal/stm32f4xx_hal.o
 .text.HAL_DBGMCU_DisableDBGStopMode
                0x00000000       0x10 ./system/src/stm32f4-hal/stm32f4xx_hal.o
 .text.HAL_DBGMCU_EnableDBGStandbyMode
                0x00000000       0x10 ./system/src/stm32f4-hal/stm32f4xx_hal.o
 .text.HAL_DBGMCU_DisableDBGStandbyMode
                0x00000000       0x10 ./system/src/stm32f4-hal/stm32f4xx_hal.o
 .text.HAL_EnableCompensationCell
                0x00000000       0x18 ./system/src/stm32f4-hal/stm32f4xx_hal.o
 .text.HAL_DisableCompensationCell
                0x00000000       0x1c ./system/src/stm32f4-hal/stm32f4xx_hal.o
 .text          0x00000000        0x0 ./system/src/stm32f4-hal/stm32f4xx_hal_cortex.o
 .data          0x00000000        0x0 ./system/src/stm32f4-hal/stm32f4xx_hal_cortex.o
 .bss           0x00000000        0x0 ./system/src/stm32f4-hal/stm32f4xx_hal_cortex.o
 .text.HAL_NVIC_EnableIRQ
                0x00000000       0x18 ./system/src/stm32f4-hal/stm32f4xx_hal_cortex.o
 .text.HAL_NVIC_DisableIRQ
                0x00000000       0x18 ./system/src/stm32f4-hal/stm32f4xx_hal_cortex.o
 .text.HAL_NVIC_SystemReset
                0x00000000       0x24 ./system/src/stm32f4-hal/stm32f4xx_hal_cortex.o
 .text.HAL_MPU_ConfigRegion
                0x00000000       0x4c ./system/src/stm32f4-hal/stm32f4xx_hal_cortex.o
 .text.HAL_NVIC_GetPriorityGrouping
                0x00000000       0x10 ./system/src/stm32f4-hal/stm32f4xx_hal_cortex.o
 .text.HAL_NVIC_GetPriority
                0x00000000       0x58 ./system/src/stm32f4-hal/stm32f4xx_hal_cortex.o
 .text.HAL_NVIC_SetPendingIRQ
                0x00000000       0x18 ./system/src/stm32f4-hal/stm32f4xx_hal_cortex.o
 .text.HAL_NVIC_GetPendingIRQ
                0x00000000       0x1c ./system/src/stm32f4-hal/stm32f4xx_hal_cortex.o
 .text.HAL_NVIC_ClearPendingIRQ
                0x00000000       0x18 ./system/src/stm32f4-hal/stm32f4xx_hal_cortex.o
 .text.HAL_NVIC_GetActive
                0x00000000       0x1c ./system/src/stm32f4-hal/stm32f4xx_hal_cortex.o
 .text.HAL_SYSTICK_Callback
                0x00000000        0x2 ./system/src/stm32f4-hal/stm32f4xx_hal_cortex.o
 .text.HAL_SYSTICK_IRQHandler
                0x00000000        0x8 ./system/src/stm32f4-hal/stm32f4xx_hal_cortex.o
 .text          0x00000000        0x0 ./system/src/stm32f4-hal/stm32f4xx_hal_flash.o
 .data          0x00000000        0x0 ./system/src/stm32f4-hal/stm32f4xx_hal_flash.o
 .bss           0x00000000        0x0 ./system/src/stm32f4-hal/stm32f4xx_hal_flash.o
 .text.FLASH_Program_Word
                0x00000000       0x24 ./system/src/stm32f4-hal/stm32f4xx_hal_flash.o
 .text.FLASH_Program_HalfWord
                0x00000000       0x24 ./system/src/stm32f4-hal/stm32f4xx_hal_flash.o
 .text.FLASH_SetErrorCode
                0x00000000       0x98 ./system/src/stm32f4-hal/stm32f4xx_hal_flash.o
 .text.HAL_FLASH_Program_IT
                0x00000000       0x90 ./system/src/stm32f4-hal/stm32f4xx_hal_flash.o
 .text.HAL_FLASH_EndOfOperationCallback
                0x00000000        0x2 ./system/src/stm32f4-hal/stm32f4xx_hal_flash.o
 .text.HAL_FLASH_OperationErrorCallback
                0x00000000        0x2 ./system/src/stm32f4-hal/stm32f4xx_hal_flash.o
 .text.HAL_FLASH_IRQHandler
                0x00000000       0xcc ./system/src/stm32f4-hal/stm32f4xx_hal_flash.o
 .text.HAL_FLASH_Unlock
                0x00000000       0x24 ./system/src/stm32f4-hal/stm32f4xx_hal_flash.o
 .text.HAL_FLASH_Lock
                0x00000000       0x14 ./system/src/stm32f4-hal/stm32f4xx_hal_flash.o
 .text.HAL_FLASH_OB_Unlock
                0x00000000       0x24 ./system/src/stm32f4-hal/stm32f4xx_hal_flash.o
 .text.HAL_FLASH_OB_Lock
                0x00000000       0x14 ./system/src/stm32f4-hal/stm32f4xx_hal_flash.o
 .text.HAL_FLASH_GetError
                0x00000000        0xc ./system/src/stm32f4-hal/stm32f4xx_hal_flash.o
 .text.FLASH_WaitForLastOperation
                0x00000000       0x58 ./system/src/stm32f4-hal/stm32f4xx_hal_flash.o
 .text.HAL_FLASH_Program
                0x00000000       0xac ./system/src/stm32f4-hal/stm32f4xx_hal_flash.o
 .text.HAL_FLASH_OB_Launch
                0x00000000       0x18 ./system/src/stm32f4-hal/stm32f4xx_hal_flash.o
 .debug_info    0x00000000      0x6d6 ./system/src/stm32f4-hal/stm32f4xx_hal_flash.o
 .debug_abbrev  0x00000000      0x29c ./system/src/stm32f4-hal/stm32f4xx_hal_flash.o
 .debug_loc     0x00000000      0x2ef ./system/src/stm32f4-hal/stm32f4xx_hal_flash.o
 .debug_aranges
                0x00000000       0x90 ./system/src/stm32f4-hal/stm32f4xx_hal_flash.o
 .debug_ranges  0x00000000       0xb0 ./system/src/stm32f4-hal/stm32f4xx_hal_flash.o
 .debug_line    0x00000000      0x3dc ./system/src/stm32f4-hal/stm32f4xx_hal_flash.o
 .debug_str     0x00000000      0x565 ./system/src/stm32f4-hal/stm32f4xx_hal_flash.o
 .comment       0x00000000       0x71 ./system/src/stm32f4-hal/stm32f4xx_hal_flash.o
 .debug_frame   0x00000000      0x138 ./system/src/stm32f4-hal/stm32f4xx_hal_flash.o
 .ARM.attributes
                0x00000000       0x33 ./system/src/stm32f4-hal/stm32f4xx_hal_flash.o
 COMMON         0x00000000       0x20 ./system/src/stm32f4-hal/stm32f4xx_hal_flash.o
 .text          0x00000000        0x0 ./system/src/stm32f4-hal/stm32f4xx_hal_gpio.o
 .data          0x00000000        0x0 ./system/src/stm32f4-hal/stm32f4xx_hal_gpio.o
 .bss           0x00000000        0x0 ./system/src/stm32f4-hal/stm32f4xx_hal_gpio.o
 .text.HAL_GPIO_DeInit
                0x00000000      0x124 ./system/src/stm32f4-hal/stm32f4xx_hal_gpio.o
 .text.HAL_GPIO_ReadPin
                0x00000000        0xc ./system/src/stm32f4-hal/stm32f4xx_hal_gpio.o
 .text.HAL_GPIO_TogglePin
                0x00000000        0x8 ./system/src/stm32f4-hal/stm32f4xx_hal_gpio.o
 .text.HAL_GPIO_LockPin
                0x00000000       0x2a ./system/src/stm32f4-hal/stm32f4xx_hal_gpio.o
 .text.HAL_GPIO_EXTI_Callback
                0x00000000        0x2 ./system/src/stm32f4-hal/stm32f4xx_hal_gpio.o
 .text.HAL_GPIO_EXTI_IRQHandler
                0x00000000       0x18 ./system/src/stm32f4-hal/stm32f4xx_hal_gpio.o
 .text          0x00000000        0x0 ./system/src/stm32f4-hal/stm32f4xx_hal_i2c.o
 .data          0x00000000        0x0 ./system/src/stm32f4-hal/stm32f4xx_hal_i2c.o
 .bss           0x00000000        0x0 ./system/src/stm32f4-hal/stm32f4xx_hal_i2c.o
 .text.I2C_IsAcknowledgeFailed
                0x00000000       0x2c ./system/src/stm32f4-hal/stm32f4xx_hal_i2c.o
 .text.I2C_WaitOnFlagUntilTimeout
                0x00000000       0x98 ./system/src/stm32f4-hal/stm32f4xx_hal_i2c.o
 .text.I2C_WaitOnMasterAddressFlagUntilTimeout
                0x00000000       0x84 ./system/src/stm32f4-hal/stm32f4xx_hal_i2c.o
 .text.I2C_MasterRequestRead
                0x00000000       0xdc ./system/src/stm32f4-hal/stm32f4xx_hal_i2c.o
 .text.I2C_MasterRequestWrite
                0x00000000       0x94 ./system/src/stm32f4-hal/stm32f4xx_hal_i2c.o
 .text.I2C_WaitOnTXEFlagUntilTimeout
                0x00000000       0x50 ./system/src/stm32f4-hal/stm32f4xx_hal_i2c.o
 .text.I2C_RequestMemoryWrite
                0x00000000       0x94 ./system/src/stm32f4-hal/stm32f4xx_hal_i2c.o
 .text.I2C_RequestMemoryRead
                0x00000000       0xd8 ./system/src/stm32f4-hal/stm32f4xx_hal_i2c.o
 .text.I2C_WaitOnRXNEFlagUntilTimeout
                0x00000000       0x5e ./system/src/stm32f4-hal/stm32f4xx_hal_i2c.o
 .text.I2C_WaitOnSTOPFlagUntilTimeout.constprop.6
                0x00000000       0x46 ./system/src/stm32f4-hal/stm32f4xx_hal_i2c.o
 .text.HAL_I2C_MspDeInit
                0x00000000        0x2 ./system/src/stm32f4-hal/stm32f4xx_hal_i2c.o
 .text.HAL_I2C_DeInit
                0x00000000       0x32 ./system/src/stm32f4-hal/stm32f4xx_hal_i2c.o
 .text.HAL_I2C_Master_Transmit
                0x00000000      0x14c ./system/src/stm32f4-hal/stm32f4xx_hal_i2c.o
 .text.HAL_I2C_Master_Receive
                0x00000000      0x1b8 ./system/src/stm32f4-hal/stm32f4xx_hal_i2c.o
 .text.HAL_I2C_Slave_Transmit
                0x00000000      0x130 ./system/src/stm32f4-hal/stm32f4xx_hal_i2c.o
 .text.HAL_I2C_Slave_Receive
                0x00000000      0x11c ./system/src/stm32f4-hal/stm32f4xx_hal_i2c.o
 .text.HAL_I2C_Master_Transmit_IT
                0x00000000       0xd8 ./system/src/stm32f4-hal/stm32f4xx_hal_i2c.o
 .text.HAL_I2C_Master_Receive_IT
                0x00000000      0x11c ./system/src/stm32f4-hal/stm32f4xx_hal_i2c.o
 .text.HAL_I2C_Master_Sequential_Transmit_IT
                0x00000000       0xe8 ./system/src/stm32f4-hal/stm32f4xx_hal_i2c.o
 .text.HAL_I2C_Master_Sequential_Receive_IT
                0x00000000      0x180 ./system/src/stm32f4-hal/stm32f4xx_hal_i2c.o
 .text.HAL_I2C_Slave_Transmit_IT
                0x00000000       0x74 ./system/src/stm32f4-hal/stm32f4xx_hal_i2c.o
 .text.HAL_I2C_Slave_Receive_IT
                0x00000000       0x74 ./system/src/stm32f4-hal/stm32f4xx_hal_i2c.o
 .text.HAL_I2C_Slave_Sequential_Transmit_IT
                0x00000000       0x5e ./system/src/stm32f4-hal/stm32f4xx_hal_i2c.o
 .text.HAL_I2C_Slave_Sequential_Receive_IT
                0x00000000       0x5e ./system/src/stm32f4-hal/stm32f4xx_hal_i2c.o
 .text.HAL_I2C_EnableListen_IT
                0x00000000       0x2a ./system/src/stm32f4-hal/stm32f4xx_hal_i2c.o
 .text.HAL_I2C_DisableListen_IT
                0x00000000       0x3e ./system/src/stm32f4-hal/stm32f4xx_hal_i2c.o
 .text.HAL_I2C_Master_Transmit_DMA
                0x00000000      0x108 ./system/src/stm32f4-hal/stm32f4xx_hal_i2c.o
 .text.HAL_I2C_Master_Receive_DMA
                0x00000000      0x10c ./system/src/stm32f4-hal/stm32f4xx_hal_i2c.o
 .text.HAL_I2C_Master_Abort_IT
                0x00000000       0x52 ./system/src/stm32f4-hal/stm32f4xx_hal_i2c.o
 .text.HAL_I2C_Slave_Transmit_DMA
                0x00000000      0x108 ./system/src/stm32f4-hal/stm32f4xx_hal_i2c.o
 .text.HAL_I2C_Slave_Receive_DMA
                0x00000000       0xcc ./system/src/stm32f4-hal/stm32f4xx_hal_i2c.o
 .text.HAL_I2C_Mem_Write
                0x00000000       0xf8 ./system/src/stm32f4-hal/stm32f4xx_hal_i2c.o
 .text.HAL_I2C_Mem_Read
                0x00000000      0x1c8 ./system/src/stm32f4-hal/stm32f4xx_hal_i2c.o
 .text.HAL_I2C_Mem_Write_IT
                0x00000000       0xd8 ./system/src/stm32f4-hal/stm32f4xx_hal_i2c.o
 .text.HAL_I2C_Mem_Read_IT
                0x00000000      0x128 ./system/src/stm32f4-hal/stm32f4xx_hal_i2c.o
 .text.HAL_I2C_Mem_Write_DMA
                0x00000000      0x104 ./system/src/stm32f4-hal/stm32f4xx_hal_i2c.o
 .text.HAL_I2C_Mem_Read_DMA
                0x00000000      0x124 ./system/src/stm32f4-hal/stm32f4xx_hal_i2c.o
 .text.HAL_I2C_IsDeviceReady
                0x00000000      0x128 ./system/src/stm32f4-hal/stm32f4xx_hal_i2c.o
 .text.HAL_I2C_MasterTxCpltCallback
                0x00000000        0x2 ./system/src/stm32f4-hal/stm32f4xx_hal_i2c.o
 .text.HAL_I2C_MasterRxCpltCallback
                0x00000000        0x2 ./system/src/stm32f4-hal/stm32f4xx_hal_i2c.o
 .text.HAL_I2C_SlaveTxCpltCallback
                0x00000000        0x2 ./system/src/stm32f4-hal/stm32f4xx_hal_i2c.o
 .text.HAL_I2C_SlaveRxCpltCallback
                0x00000000        0x2 ./system/src/stm32f4-hal/stm32f4xx_hal_i2c.o
 .text.HAL_I2C_AddrCallback
                0x00000000        0x2 ./system/src/stm32f4-hal/stm32f4xx_hal_i2c.o
 .text.HAL_I2C_ListenCpltCallback
                0x00000000        0x2 ./system/src/stm32f4-hal/stm32f4xx_hal_i2c.o
 .text.HAL_I2C_MemTxCpltCallback
                0x00000000        0x2 ./system/src/stm32f4-hal/stm32f4xx_hal_i2c.o
 .text.HAL_I2C_MemRxCpltCallback
                0x00000000        0x2 ./system/src/stm32f4-hal/stm32f4xx_hal_i2c.o
 .text.HAL_I2C_EV_IRQHandler
                0x00000000      0x3f0 ./system/src/stm32f4-hal/stm32f4xx_hal_i2c.o
 .text.HAL_I2C_ErrorCallback
                0x00000000        0x2 ./system/src/stm32f4-hal/stm32f4xx_hal_i2c.o
 .text.I2C_DMAError
                0x00000000       0x2a ./system/src/stm32f4-hal/stm32f4xx_hal_i2c.o
 .text.I2C_DMAMasterTransmitCplt
                0x00000000       0x50 ./system/src/stm32f4-hal/stm32f4xx_hal_i2c.o
 .text.I2C_DMAMasterReceiveCplt
                0x00000000       0x44 ./system/src/stm32f4-hal/stm32f4xx_hal_i2c.o
 .text.I2C_DMASlaveTransmitCplt
                0x00000000       0x54 ./system/src/stm32f4-hal/stm32f4xx_hal_i2c.o
 .text.I2C_DMASlaveReceiveCplt
                0x00000000       0x62 ./system/src/stm32f4-hal/stm32f4xx_hal_i2c.o
 .text.I2C_DMAMemTransmitCplt
                0x00000000       0x50 ./system/src/stm32f4-hal/stm32f4xx_hal_i2c.o
 .text.I2C_DMAMemReceiveCplt
                0x00000000       0x44 ./system/src/stm32f4-hal/stm32f4xx_hal_i2c.o
 .text.HAL_I2C_ER_IRQHandler
                0x00000000      0x190 ./system/src/stm32f4-hal/stm32f4xx_hal_i2c.o
 .text.HAL_I2C_GetState
                0x00000000        0x6 ./system/src/stm32f4-hal/stm32f4xx_hal_i2c.o
 .text.HAL_I2C_GetMode
                0x00000000        0x6 ./system/src/stm32f4-hal/stm32f4xx_hal_i2c.o
 .text.HAL_I2C_GetError
                0x00000000        0x4 ./system/src/stm32f4-hal/stm32f4xx_hal_i2c.o
 .text          0x00000000        0x0 ./system/src/stm32f4-hal/stm32f4xx_hal_iwdg.o
 .data          0x00000000        0x0 ./system/src/stm32f4-hal/stm32f4xx_hal_iwdg.o
 .bss           0x00000000        0x0 ./system/src/stm32f4-hal/stm32f4xx_hal_iwdg.o
 .text.HAL_IWDG_MspInit
                0x00000000        0x2 ./system/src/stm32f4-hal/stm32f4xx_hal_iwdg.o
 .text.HAL_IWDG_Init
                0x00000000       0x48 ./system/src/stm32f4-hal/stm32f4xx_hal_iwdg.o
 .text.HAL_IWDG_Start
                0x00000000       0x26 ./system/src/stm32f4-hal/stm32f4xx_hal_iwdg.o
 .text.HAL_IWDG_Refresh
                0x00000000       0x48 ./system/src/stm32f4-hal/stm32f4xx_hal_iwdg.o
 .text.HAL_IWDG_GetState
                0x00000000        0x4 ./system/src/stm32f4-hal/stm32f4xx_hal_iwdg.o
 .debug_info    0x00000000      0x31b ./system/src/stm32f4-hal/stm32f4xx_hal_iwdg.o
 .debug_abbrev  0x00000000      0x17f ./system/src/stm32f4-hal/stm32f4xx_hal_iwdg.o
 .debug_loc     0x00000000       0xb3 ./system/src/stm32f4-hal/stm32f4xx_hal_iwdg.o
 .debug_aranges
                0x00000000       0x40 ./system/src/stm32f4-hal/stm32f4xx_hal_iwdg.o
 .debug_ranges  0x00000000       0x30 ./system/src/stm32f4-hal/stm32f4xx_hal_iwdg.o
 .debug_line    0x00000000      0x26d ./system/src/stm32f4-hal/stm32f4xx_hal_iwdg.o
 .debug_str     0x00000000      0x3ae ./system/src/stm32f4-hal/stm32f4xx_hal_iwdg.o
 .comment       0x00000000       0x71 ./system/src/stm32f4-hal/stm32f4xx_hal_iwdg.o
 .debug_frame   0x00000000       0x74 ./system/src/stm32f4-hal/stm32f4xx_hal_iwdg.o
 .ARM.attributes
                0x00000000       0x33 ./system/src/stm32f4-hal/stm32f4xx_hal_iwdg.o
 .text          0x00000000        0x0 ./system/src/stm32f4-hal/stm32f4xx_hal_pwr.o
 .data          0x00000000        0x0 ./system/src/stm32f4-hal/stm32f4xx_hal_pwr.o
 .bss           0x00000000        0x0 ./system/src/stm32f4-hal/stm32f4xx_hal_pwr.o
 .text.HAL_PWR_DeInit
                0x00000000       0x18 ./system/src/stm32f4-hal/stm32f4xx_hal_pwr.o
 .text.HAL_PWR_EnableBkUpAccess
                0x00000000       0x1c ./system/src/stm32f4-hal/stm32f4xx_hal_pwr.o
 .text.HAL_PWR_DisableBkUpAccess
                0x00000000       0x1c ./system/src/stm32f4-hal/stm32f4xx_hal_pwr.o
 .text.HAL_PWR_ConfigPVD
                0x00000000       0x70 ./system/src/stm32f4-hal/stm32f4xx_hal_pwr.o
 .text.HAL_PWR_EnablePVD
                0x00000000       0x1a ./system/src/stm32f4-hal/stm32f4xx_hal_pwr.o
 .text.HAL_PWR_DisablePVD
                0x00000000       0x1a ./system/src/stm32f4-hal/stm32f4xx_hal_pwr.o
 .text.HAL_PWR_EnableWakeUpPin
                0x00000000       0x10 ./system/src/stm32f4-hal/stm32f4xx_hal_pwr.o
 .text.HAL_PWR_DisableWakeUpPin
                0x00000000       0x10 ./system/src/stm32f4-hal/stm32f4xx_hal_pwr.o
 .text.HAL_PWR_EnterSLEEPMode
                0x00000000       0x20 ./system/src/stm32f4-hal/stm32f4xx_hal_pwr.o
 .text.HAL_PWR_EnterSTOPMode
                0x00000000       0x38 ./system/src/stm32f4-hal/stm32f4xx_hal_pwr.o
 .text.HAL_PWR_EnterSTANDBYMode
                0x00000000       0x20 ./system/src/stm32f4-hal/stm32f4xx_hal_pwr.o
 .text.HAL_PWR_PVDCallback
                0x00000000        0x2 ./system/src/stm32f4-hal/stm32f4xx_hal_pwr.o
 .text.HAL_PWR_PVD_IRQHandler
                0x00000000       0x1c ./system/src/stm32f4-hal/stm32f4xx_hal_pwr.o
 .text.HAL_PWR_EnableSleepOnExit
                0x00000000       0x10 ./system/src/stm32f4-hal/stm32f4xx_hal_pwr.o
 .text.HAL_PWR_DisableSleepOnExit
                0x00000000       0x10 ./system/src/stm32f4-hal/stm32f4xx_hal_pwr.o
 .text.HAL_PWR_EnableSEVOnPend
                0x00000000       0x10 ./system/src/stm32f4-hal/stm32f4xx_hal_pwr.o
 .text.HAL_PWR_DisableSEVOnPend
                0x00000000       0x10 ./system/src/stm32f4-hal/stm32f4xx_hal_pwr.o
 .debug_info    0x00000000      0x83c ./system/src/stm32f4-hal/stm32f4xx_hal_pwr.o
 .debug_abbrev  0x00000000      0x1fe ./system/src/stm32f4-hal/stm32f4xx_hal_pwr.o
 .debug_loc     0x00000000       0xd0 ./system/src/stm32f4-hal/stm32f4xx_hal_pwr.o
 .debug_aranges
                0x00000000       0xa0 ./system/src/stm32f4-hal/stm32f4xx_hal_pwr.o
 .debug_ranges  0x00000000       0x90 ./system/src/stm32f4-hal/stm32f4xx_hal_pwr.o
 .debug_line    0x00000000      0x333 ./system/src/stm32f4-hal/stm32f4xx_hal_pwr.o
 .debug_str     0x00000000      0x598 ./system/src/stm32f4-hal/stm32f4xx_hal_pwr.o
 .comment       0x00000000       0x71 ./system/src/stm32f4-hal/stm32f4xx_hal_pwr.o
 .debug_frame   0x00000000      0x128 ./system/src/stm32f4-hal/stm32f4xx_hal_pwr.o
 .ARM.attributes
                0x00000000       0x33 ./system/src/stm32f4-hal/stm32f4xx_hal_pwr.o
 .text          0x00000000        0x0 ./system/src/stm32f4-hal/stm32f4xx_hal_rcc.o
 .data          0x00000000        0x0 ./system/src/stm32f4-hal/stm32f4xx_hal_rcc.o
 .bss           0x00000000        0x0 ./system/src/stm32f4-hal/stm32f4xx_hal_rcc.o
 .text.HAL_RCC_DeInit
                0x00000000        0x2 ./system/src/stm32f4-hal/stm32f4xx_hal_rcc.o
 .text.HAL_RCC_MCOConfig
                0x00000000       0x94 ./system/src/stm32f4-hal/stm32f4xx_hal_rcc.o
 .text.HAL_RCC_EnableCSS
                0x00000000        0xc ./system/src/stm32f4-hal/stm32f4xx_hal_rcc.o
 .text.HAL_RCC_DisableCSS
                0x00000000        0xc ./system/src/stm32f4-hal/stm32f4xx_hal_rcc.o
 .text.HAL_RCC_GetOscConfig
                0x00000000       0xd0 ./system/src/stm32f4-hal/stm32f4xx_hal_rcc.o
 .text.HAL_RCC_GetClockConfig
                0x00000000       0x3c ./system/src/stm32f4-hal/stm32f4xx_hal_rcc.o
 .text.HAL_RCC_CSSCallback
                0x00000000        0x2 ./system/src/stm32f4-hal/stm32f4xx_hal_rcc.o
 .text.HAL_RCC_NMI_IRQHandler
                0x00000000       0x20 ./system/src/stm32f4-hal/stm32f4xx_hal_rcc.o
 .text          0x00000000        0x0 ./system/src/stm32f4-hal/stm32f4xx_hal_spi.o
 .data          0x00000000        0x0 ./system/src/stm32f4-hal/stm32f4xx_hal_spi.o
 .bss           0x00000000        0x0 ./system/src/stm32f4-hal/stm32f4xx_hal_spi.o
 .text.SPI_CheckForDisablingSPI
                0x00000000       0x24 ./system/src/stm32f4-hal/stm32f4xx_hal_spi.o
 .text.HAL_SPI_MspDeInit
                0x00000000        0x2 ./system/src/stm32f4-hal/stm32f4xx_hal_spi.o
 .text.HAL_SPI_DeInit
                0x00000000       0x2c ./system/src/stm32f4-hal/stm32f4xx_hal_spi.o
 .text.HAL_SPI_Transmit
                0x00000000      0x158 ./system/src/stm32f4-hal/stm32f4xx_hal_spi.o
 .text.HAL_SPI_Receive
                0x00000000      0x1e2 ./system/src/stm32f4-hal/stm32f4xx_hal_spi.o
 .text.HAL_SPI_Transmit_IT
                0x00000000       0xb0 ./system/src/stm32f4-hal/stm32f4xx_hal_spi.o
 .text.HAL_SPI_TransmitReceive_IT
                0x00000000       0xcc ./system/src/stm32f4-hal/stm32f4xx_hal_spi.o
 .text.HAL_SPI_Receive_IT
                0x00000000       0xc8 ./system/src/stm32f4-hal/stm32f4xx_hal_spi.o
 .text.HAL_SPI_Transmit_DMA
                0x00000000       0xb8 ./system/src/stm32f4-hal/stm32f4xx_hal_spi.o
 .text.HAL_SPI_TransmitReceive_DMA
                0x00000000      0x100 ./system/src/stm32f4-hal/stm32f4xx_hal_spi.o
 .text.HAL_SPI_Receive_DMA
                0x00000000       0xd8 ./system/src/stm32f4-hal/stm32f4xx_hal_spi.o
 .text.HAL_SPI_DMAPause
                0x00000000       0x20 ./system/src/stm32f4-hal/stm32f4xx_hal_spi.o
 .text.HAL_SPI_DMAResume
                0x00000000       0x20 ./system/src/stm32f4-hal/stm32f4xx_hal_spi.o
 .text.HAL_SPI_DMAStop
                0x00000000       0x28 ./system/src/stm32f4-hal/stm32f4xx_hal_spi.o
 .text.HAL_SPI_TxCpltCallback
                0x00000000        0x2 ./system/src/stm32f4-hal/stm32f4xx_hal_spi.o
 .text.HAL_SPI_RxCpltCallback
                0x00000000        0x2 ./system/src/stm32f4-hal/stm32f4xx_hal_spi.o
 .text.HAL_SPI_TxRxCpltCallback
                0x00000000        0x2 ./system/src/stm32f4-hal/stm32f4xx_hal_spi.o
 .text.HAL_SPI_TxHalfCpltCallback
                0x00000000        0x2 ./system/src/stm32f4-hal/stm32f4xx_hal_spi.o
 .text.SPI_DMAHalfTransmitCplt
                0x00000000        0xa ./system/src/stm32f4-hal/stm32f4xx_hal_spi.o
 .text.HAL_SPI_RxHalfCpltCallback
                0x00000000        0x2 ./system/src/stm32f4-hal/stm32f4xx_hal_spi.o
 .text.SPI_DMAHalfReceiveCplt
                0x00000000        0xa ./system/src/stm32f4-hal/stm32f4xx_hal_spi.o
 .text.HAL_SPI_TxRxHalfCpltCallback
                0x00000000        0x2 ./system/src/stm32f4-hal/stm32f4xx_hal_spi.o
 .text.SPI_DMAHalfTransmitReceiveCplt
                0x00000000        0xa ./system/src/stm32f4-hal/stm32f4xx_hal_spi.o
 .text.HAL_SPI_ErrorCallback
                0x00000000        0x2 ./system/src/stm32f4-hal/stm32f4xx_hal_spi.o
 .text.SPI_CloseTx_ISR
                0x00000000       0x52 ./system/src/stm32f4-hal/stm32f4xx_hal_spi.o
 .text.SPI_TxISR_8BIT
                0x00000000       0x2e ./system/src/stm32f4-hal/stm32f4xx_hal_spi.o
 .text.SPI_TxISR_16BIT
                0x00000000       0x2c ./system/src/stm32f4-hal/stm32f4xx_hal_spi.o
 .text.SPI_CloseRx_ISR
                0x00000000       0x4e ./system/src/stm32f4-hal/stm32f4xx_hal_spi.o
 .text.SPI_RxISR_8BIT
                0x00000000       0x48 ./system/src/stm32f4-hal/stm32f4xx_hal_spi.o
 .text.SPI_RxISR_8BITCRC
                0x00000000       0x20 ./system/src/stm32f4-hal/stm32f4xx_hal_spi.o
 .text.SPI_RxISR_16BIT
                0x00000000       0x4c ./system/src/stm32f4-hal/stm32f4xx_hal_spi.o
 .text.SPI_RxISR_16BITCRC
                0x00000000       0x28 ./system/src/stm32f4-hal/stm32f4xx_hal_spi.o
 .text.SPI_CloseRxTx_ISR
                0x00000000       0x72 ./system/src/stm32f4-hal/stm32f4xx_hal_spi.o
 .text.SPI_2linesTxISR_8BIT
                0x00000000       0x3a ./system/src/stm32f4-hal/stm32f4xx_hal_spi.o
 .text.SPI_2linesRxISR_8BIT
                0x00000000       0x3c ./system/src/stm32f4-hal/stm32f4xx_hal_spi.o
 .text.SPI_2linesRxISR_8BITCRC
                0x00000000       0x2c ./system/src/stm32f4-hal/stm32f4xx_hal_spi.o
 .text.SPI_2linesTxISR_16BIT
                0x00000000       0x38 ./system/src/stm32f4-hal/stm32f4xx_hal_spi.o
 .text.SPI_2linesRxISR_16BIT
                0x00000000       0x40 ./system/src/stm32f4-hal/stm32f4xx_hal_spi.o
 .text.SPI_2linesRxISR_16BITCRC
                0x00000000       0x28 ./system/src/stm32f4-hal/stm32f4xx_hal_spi.o
 .text.SPI_DMAError
                0x00000000       0x22 ./system/src/stm32f4-hal/stm32f4xx_hal_spi.o
 .text.SPI_DMATransmitCplt
                0x00000000       0x62 ./system/src/stm32f4-hal/stm32f4xx_hal_spi.o
 .text.SPI_DMAReceiveCplt
                0x00000000       0x9a ./system/src/stm32f4-hal/stm32f4xx_hal_spi.o
 .text.SPI_DMATransmitReceiveCplt
                0x00000000       0x9e ./system/src/stm32f4-hal/stm32f4xx_hal_spi.o
 .text.HAL_SPI_IRQHandler
                0x00000000       0xa6 ./system/src/stm32f4-hal/stm32f4xx_hal_spi.o
 .text.HAL_SPI_GetState
                0x00000000        0x6 ./system/src/stm32f4-hal/stm32f4xx_hal_spi.o
 .text.HAL_SPI_GetError
                0x00000000        0x4 ./system/src/stm32f4-hal/stm32f4xx_hal_spi.o
 .text          0x00000000        0x0 ./system/src/stm32f4-hal/stm32f4xx_hal_uart.o
 .data          0x00000000        0x0 ./system/src/stm32f4-hal/stm32f4xx_hal_uart.o
 .bss           0x00000000        0x0 ./system/src/stm32f4-hal/stm32f4xx_hal_uart.o
 .text.UART_WaitOnFlagUntilTimeout.constprop.0
                0x00000000       0x64 ./system/src/stm32f4-hal/stm32f4xx_hal_uart.o
 .text.HAL_HalfDuplex_Init
                0x00000000       0x64 ./system/src/stm32f4-hal/stm32f4xx_hal_uart.o
 .text.HAL_LIN_Init
                0x00000000       0x76 ./system/src/stm32f4-hal/stm32f4xx_hal_uart.o
 .text.HAL_MultiProcessor_Init
                0x00000000       0x7e ./system/src/stm32f4-hal/stm32f4xx_hal_uart.o
 .text.HAL_UART_MspDeInit
                0x00000000        0x2 ./system/src/stm32f4-hal/stm32f4xx_hal_uart.o
 .text.HAL_UART_DeInit
                0x00000000       0x26 ./system/src/stm32f4-hal/stm32f4xx_hal_uart.o
 .text.HAL_UART_Transmit
                0x00000000       0x9c ./system/src/stm32f4-hal/stm32f4xx_hal_uart.o
 .text.HAL_UART_Receive
                0x00000000       0xa0 ./system/src/stm32f4-hal/stm32f4xx_hal_uart.o
 .text.HAL_UART_Transmit_IT
                0x00000000       0x3e ./system/src/stm32f4-hal/stm32f4xx_hal_uart.o
 .text.HAL_UART_Receive_IT
                0x00000000       0x4e ./system/src/stm32f4-hal/stm32f4xx_hal_uart.o
 .text.HAL_UART_Transmit_DMA
                0x00000000       0x74 ./system/src/stm32f4-hal/stm32f4xx_hal_uart.o
 .text.HAL_UART_Receive_DMA
                0x00000000       0x70 ./system/src/stm32f4-hal/stm32f4xx_hal_uart.o
 .text.HAL_UART_DMAPause
                0x00000000       0x40 ./system/src/stm32f4-hal/stm32f4xx_hal_uart.o
 .text.HAL_UART_DMAResume
                0x00000000       0x52 ./system/src/stm32f4-hal/stm32f4xx_hal_uart.o
 .text.HAL_UART_DMAStop
                0x00000000       0x34 ./system/src/stm32f4-hal/stm32f4xx_hal_uart.o
 .text.HAL_UART_TxCpltCallback
                0x00000000        0x2 ./system/src/stm32f4-hal/stm32f4xx_hal_uart.o
 .text.UART_DMATransmitCplt
                0x00000000       0x2c ./system/src/stm32f4-hal/stm32f4xx_hal_uart.o
 .text.HAL_UART_TxHalfCpltCallback
                0x00000000        0x2 ./system/src/stm32f4-hal/stm32f4xx_hal_uart.o
 .text.UART_DMATxHalfCplt
                0x00000000        0xa ./system/src/stm32f4-hal/stm32f4xx_hal_uart.o
 .text.HAL_UART_RxCpltCallback
                0x00000000        0x2 ./system/src/stm32f4-hal/stm32f4xx_hal_uart.o
 .text.UART_DMAReceiveCplt
                0x00000000       0x28 ./system/src/stm32f4-hal/stm32f4xx_hal_uart.o
 .text.HAL_UART_RxHalfCpltCallback
                0x00000000        0x2 ./system/src/stm32f4-hal/stm32f4xx_hal_uart.o
 .text.UART_DMARxHalfCplt
                0x00000000        0xa ./system/src/stm32f4-hal/stm32f4xx_hal_uart.o
 .text.HAL_UART_ErrorCallback
                0x00000000        0x2 ./system/src/stm32f4-hal/stm32f4xx_hal_uart.o
 .text.UART_DMAError
                0x00000000       0x22 ./system/src/stm32f4-hal/stm32f4xx_hal_uart.o
 .text.HAL_UART_IRQHandler
                0x00000000      0x19c ./system/src/stm32f4-hal/stm32f4xx_hal_uart.o
 .text.HAL_LIN_SendBreak
                0x00000000       0x2e ./system/src/stm32f4-hal/stm32f4xx_hal_uart.o
 .text.HAL_MultiProcessor_EnterMuteMode
                0x00000000       0x2e ./system/src/stm32f4-hal/stm32f4xx_hal_uart.o
 .text.HAL_MultiProcessor_ExitMuteMode
                0x00000000       0x2e ./system/src/stm32f4-hal/stm32f4xx_hal_uart.o
 .text.HAL_HalfDuplex_EnableTransmitter
                0x00000000       0x30 ./system/src/stm32f4-hal/stm32f4xx_hal_uart.o
 .text.HAL_HalfDuplex_EnableReceiver
                0x00000000       0x30 ./system/src/stm32f4-hal/stm32f4xx_hal_uart.o
 .text.HAL_UART_GetState
                0x00000000        0xc ./system/src/stm32f4-hal/stm32f4xx_hal_uart.o
 .text.HAL_UART_GetError
                0x00000000        0x4 ./system/src/stm32f4-hal/stm32f4xx_hal_uart.o
 .text          0x00000000        0x0 ./system/src/stm32f4-hal/stm32f4xx_hal_usart.o
 .data          0x00000000        0x0 ./system/src/stm32f4-hal/stm32f4xx_hal_usart.o
 .bss           0x00000000        0x0 ./system/src/stm32f4-hal/stm32f4xx_hal_usart.o
 .text.USART_WaitOnFlagUntilTimeout.constprop.1
                0x00000000       0x60 ./system/src/stm32f4-hal/stm32f4xx_hal_usart.o
 .text.HAL_USART_MspInit
                0x00000000        0x2 ./system/src/stm32f4-hal/stm32f4xx_hal_usart.o
 .text.HAL_USART_Init
                0x00000000      0x12c ./system/src/stm32f4-hal/stm32f4xx_hal_usart.o
 .text.HAL_USART_MspDeInit
                0x00000000        0x2 ./system/src/stm32f4-hal/stm32f4xx_hal_usart.o
 .text.HAL_USART_DeInit
                0x00000000       0x2c ./system/src/stm32f4-hal/stm32f4xx_hal_usart.o
 .text.HAL_USART_Transmit
                0x00000000       0x9e ./system/src/stm32f4-hal/stm32f4xx_hal_usart.o
 .text.HAL_USART_Receive
                0x00000000       0xce ./system/src/stm32f4-hal/stm32f4xx_hal_usart.o
 .text.HAL_USART_TransmitReceive
                0x00000000       0xee ./system/src/stm32f4-hal/stm32f4xx_hal_usart.o
 .text.HAL_USART_Transmit_IT
                0x00000000       0x40 ./system/src/stm32f4-hal/stm32f4xx_hal_usart.o
 .text.HAL_USART_Receive_IT
                0x00000000       0x56 ./system/src/stm32f4-hal/stm32f4xx_hal_usart.o
 .text.HAL_USART_TransmitReceive_IT
                0x00000000       0x60 ./system/src/stm32f4-hal/stm32f4xx_hal_usart.o
 .text.HAL_USART_Transmit_DMA
                0x00000000       0x70 ./system/src/stm32f4-hal/stm32f4xx_hal_usart.o
 .text.HAL_USART_Receive_DMA
                0x00000000       0x98 ./system/src/stm32f4-hal/stm32f4xx_hal_usart.o
 .text.HAL_USART_TransmitReceive_DMA
                0x00000000       0xc0 ./system/src/stm32f4-hal/stm32f4xx_hal_usart.o
 .text.HAL_USART_DMAPause
                0x00000000       0x20 ./system/src/stm32f4-hal/stm32f4xx_hal_usart.o
 .text.HAL_USART_DMAResume
                0x00000000       0x20 ./system/src/stm32f4-hal/stm32f4xx_hal_usart.o
 .text.HAL_USART_DMAStop
                0x00000000       0x30 ./system/src/stm32f4-hal/stm32f4xx_hal_usart.o
 .text.HAL_USART_TxCpltCallback
                0x00000000        0x2 ./system/src/stm32f4-hal/stm32f4xx_hal_usart.o
 .text.USART_DMATransmitCplt
                0x00000000       0x3c ./system/src/stm32f4-hal/stm32f4xx_hal_usart.o
 .text.HAL_USART_TxHalfCpltCallback
                0x00000000        0x2 ./system/src/stm32f4-hal/stm32f4xx_hal_usart.o
 .text.USART_DMATxHalfCplt
                0x00000000        0xa ./system/src/stm32f4-hal/stm32f4xx_hal_usart.o
 .text.HAL_USART_RxCpltCallback
                0x00000000        0x2 ./system/src/stm32f4-hal/stm32f4xx_hal_usart.o
 .text.HAL_USART_RxHalfCpltCallback
                0x00000000        0x2 ./system/src/stm32f4-hal/stm32f4xx_hal_usart.o
 .text.USART_DMARxHalfCplt
                0x00000000        0xa ./system/src/stm32f4-hal/stm32f4xx_hal_usart.o
 .text.HAL_USART_TxRxCpltCallback
                0x00000000        0x2 ./system/src/stm32f4-hal/stm32f4xx_hal_usart.o
 .text.USART_DMAReceiveCplt
                0x00000000       0x50 ./system/src/stm32f4-hal/stm32f4xx_hal_usart.o
 .text.USART_TransmitReceive_IT
                0x00000000       0xda ./system/src/stm32f4-hal/stm32f4xx_hal_usart.o
 .text.HAL_USART_ErrorCallback
                0x00000000        0x2 ./system/src/stm32f4-hal/stm32f4xx_hal_usart.o
 .text.USART_DMAError
                0x00000000       0x1e ./system/src/stm32f4-hal/stm32f4xx_hal_usart.o
 .text.HAL_USART_IRQHandler
                0x00000000      0x1e2 ./system/src/stm32f4-hal/stm32f4xx_hal_usart.o
 .text.HAL_USART_GetState
                0x00000000        0x6 ./system/src/stm32f4-hal/stm32f4xx_hal_usart.o
 .text.HAL_USART_GetError
                0x00000000        0x4 ./system/src/stm32f4-hal/stm32f4xx_hal_usart.o
 .debug_info    0x00000000     0x125d ./system/src/stm32f4-hal/stm32f4xx_hal_usart.o
 .debug_abbrev  0x00000000      0x2ee ./system/src/stm32f4-hal/stm32f4xx_hal_usart.o
 .debug_loc     0x00000000      0xdcb ./system/src/stm32f4-hal/stm32f4xx_hal_usart.o
 .debug_aranges
                0x00000000      0x118 ./system/src/stm32f4-hal/stm32f4xx_hal_usart.o
 .debug_ranges  0x00000000      0x138 ./system/src/stm32f4-hal/stm32f4xx_hal_usart.o
 .debug_line    0x00000000      0x8d5 ./system/src/stm32f4-hal/stm32f4xx_hal_usart.o
 .debug_str     0x00000000      0xa5c ./system/src/stm32f4-hal/stm32f4xx_hal_usart.o
 .comment       0x00000000       0x71 ./system/src/stm32f4-hal/stm32f4xx_hal_usart.o
 .debug_frame   0x00000000      0x2f8 ./system/src/stm32f4-hal/stm32f4xx_hal_usart.o
 .ARM.attributes
                0x00000000       0x33 ./system/src/stm32f4-hal/stm32f4xx_hal_usart.o
 .text          0x00000000        0x0 ./system/src/newlib/_cxx.o
 .data          0x00000000        0x0 ./system/src/newlib/_cxx.o
 .bss           0x00000000        0x0 ./system/src/newlib/_cxx.o
 .text._ZN9__gnu_cxx27__verbose_terminate_handlerEv
                0x00000000        0x6 ./system/src/newlib/_cxx.o
 .text.__cxa_pure_virtual
                0x00000000        0x6 ./system/src/newlib/_cxx.o
 .debug_info    0x00000000      0x593 ./system/src/newlib/_cxx.o
 .debug_abbrev  0x00000000      0x1a4 ./system/src/newlib/_cxx.o
 .debug_aranges
                0x00000000       0x28 ./system/src/newlib/_cxx.o
 .debug_ranges  0x00000000       0x18 ./system/src/newlib/_cxx.o
 .debug_line    0x00000000      0x1b0 ./system/src/newlib/_cxx.o
 .debug_str     0x00000000      0x39a ./system/src/newlib/_cxx.o
 .comment       0x00000000       0x71 ./system/src/newlib/_cxx.o
 .debug_frame   0x00000000       0x40 ./system/src/newlib/_cxx.o
 .ARM.attributes
                0x00000000       0x33 ./system/src/newlib/_cxx.o
 .text          0x00000000        0x0 ./system/src/newlib/_exit.o
 .data          0x00000000        0x0 ./system/src/newlib/_exit.o
 .bss           0x00000000        0x0 ./system/src/newlib/_exit.o
 .text.abort    0x00000000        0x8 ./system/src/newlib/_exit.o
 .text          0x00000000        0x0 ./system/src/newlib/_sbrk.o
 .data          0x00000000        0x0 ./system/src/newlib/_sbrk.o
 .bss           0x00000000        0x0 ./system/src/newlib/_sbrk.o
 .text._sbrk    0x00000000       0x40 ./system/src/newlib/_sbrk.o
 .bss.current_heap_end.3862
                0x00000000        0x4 ./system/src/newlib/_sbrk.o
 .debug_info    0x00000000      0x121 ./system/src/newlib/_sbrk.o
 .debug_abbrev  0x00000000       0xb8 ./system/src/newlib/_sbrk.o
 .debug_loc     0x00000000       0x92 ./system/src/newlib/_sbrk.o
 .debug_aranges
                0x00000000       0x20 ./system/src/newlib/_sbrk.o
 .debug_ranges  0x00000000       0x10 ./system/src/newlib/_sbrk.o
 .debug_line    0x00000000       0xc1 ./system/src/newlib/_sbrk.o
 .debug_str     0x00000000      0x21f ./system/src/newlib/_sbrk.o
 .comment       0x00000000       0x71 ./system/src/newlib/_sbrk.o
 .debug_frame   0x00000000       0x28 ./system/src/newlib/_sbrk.o
 .ARM.attributes
                0x00000000       0x33 ./system/src/newlib/_sbrk.o
 .text          0x00000000        0x0 ./system/src/newlib/_startup.o
 .data          0x00000000        0x0 ./system/src/newlib/_startup.o
 .bss           0x00000000        0x0 ./system/src/newlib/_startup.o
 .text.__initialize_data
                0x00000000       0x10 ./system/src/newlib/_startup.o
 .text.__initialize_bss
                0x00000000        0xe ./system/src/newlib/_startup.o
 .text.__run_init_array
                0x00000000       0x48 ./system/src/newlib/_startup.o
 .text.__run_fini_array
                0x00000000       0x24 ./system/src/newlib/_startup.o
 .text          0x00000000        0x0 ./system/src/newlib/_syscalls.o
 .data          0x00000000        0x0 ./system/src/newlib/_syscalls.o
 .bss           0x00000000        0x0 ./system/src/newlib/_syscalls.o
 .text.raise    0x00000000       0x10 ./system/src/newlib/_syscalls.o
 .text.kill     0x00000000       0x10 ./system/src/newlib/_syscalls.o
 .bss.__dso_handle
                0x00000000        0x4 ./system/src/newlib/_syscalls.o
 COMMON         0x00000000        0x4 ./system/src/newlib/_syscalls.o
 .text          0x00000000        0x0 ./system/src/newlib/assert.o
 .data          0x00000000        0x0 ./system/src/newlib/assert.o
 .bss           0x00000000        0x0 ./system/src/newlib/assert.o
 .text.__assert_func
                0x00000000        0x6 ./system/src/newlib/assert.o
 .debug_info    0x00000000      0x10b ./system/src/newlib/assert.o
 .debug_abbrev  0x00000000       0xa6 ./system/src/newlib/assert.o
 .debug_loc     0x00000000       0x84 ./system/src/newlib/assert.o
 .debug_aranges
                0x00000000       0x20 ./system/src/newlib/assert.o
 .debug_ranges  0x00000000       0x10 ./system/src/newlib/assert.o
 .debug_line    0x00000000       0xd5 ./system/src/newlib/assert.o
 .debug_str     0x00000000      0x208 ./system/src/newlib/assert.o
 .comment       0x00000000       0x71 ./system/src/newlib/assert.o
 .debug_frame   0x00000000       0x28 ./system/src/newlib/assert.o
 .ARM.attributes
                0x00000000       0x33 ./system/src/newlib/assert.o
 .text          0x00000000        0x0 ./system/src/diag/Trace.o
 .data          0x00000000        0x0 ./system/src/diag/Trace.o
 .bss           0x00000000        0x0 ./system/src/diag/Trace.o
 .debug_line    0x00000000        0x0 ./system/src/diag/Trace.o
 .debug_str     0x00000000      0x125 ./system/src/diag/Trace.o
 .comment       0x00000000       0x71 ./system/src/diag/Trace.o
 .ARM.attributes
                0x00000000       0x33 ./system/src/diag/Trace.o
 .text          0x00000000        0x0 ./system/src/diag/trace_impl.o
 .data          0x00000000        0x0 ./system/src/diag/trace_impl.o
 .bss           0x00000000        0x0 ./system/src/diag/trace_impl.o
 .debug_line    0x00000000        0x0 ./system/src/diag/trace_impl.o
 .debug_str     0x00000000      0x12a ./system/src/diag/trace_impl.o
 .comment       0x00000000       0x71 ./system/src/diag/trace_impl.o
 .ARM.attributes
                0x00000000       0x33 ./system/src/diag/trace_impl.o
 .text          0x00000000        0x0 ./system/src/cortexm/_initialize_hardware.o
 .data          0x00000000        0x0 ./system/src/cortexm/_initialize_hardware.o
 .bss           0x00000000        0x0 ./system/src/cortexm/_initialize_hardware.o
 .text          0x00000000        0x0 ./system/src/cortexm/_reset_hardware.o
 .data          0x00000000        0x0 ./system/src/cortexm/_reset_hardware.o
 .bss           0x00000000        0x0 ./system/src/cortexm/_reset_hardware.o
 .text          0x00000000        0x0 ./system/src/cortexm/exception_handlers.o
 .data          0x00000000        0x0 ./system/src/cortexm/exception_handlers.o
 .bss           0x00000000        0x0 ./system/src/cortexm/exception_handlers.o
 .text          0x00000000        0x0 ./system/src/cmsis/system_stm32f4xx.o
 .data          0x00000000        0x0 ./system/src/cmsis/system_stm32f4xx.o
 .bss           0x00000000        0x0 ./system/src/cmsis/system_stm32f4xx.o
 .text          0x00000000        0x0 ./system/src/cmsis/vectors_stm32f407xx.o
 .data          0x00000000        0x0 ./system/src/cmsis/vectors_stm32f407xx.o
 .bss           0x00000000        0x0 ./system/src/cmsis/vectors_stm32f407xx.o
 .text          0x00000000        0x0 ./src/_initialize_hardware.o
 .data          0x00000000        0x0 ./src/_initialize_hardware.o
 .bss           0x00000000        0x0 ./src/_initialize_hardware.o
 .text          0x00000000        0x0 ./src/_write.o
 .data          0x00000000        0x0 ./src/_write.o
 .bss           0x00000000        0x0 ./src/_write.o
 .debug_line    0x00000000        0x0 ./src/_write.o
 .debug_str     0x00000000      0x11a ./src/_write.o
 .comment       0x00000000       0x71 ./src/_write.o
 .ARM.attributes
                0x00000000       0x33 ./src/_write.o
 .text          0x00000000        0x0 ./src/main.o
 .data          0x00000000        0x0 ./src/main.o
 .bss           0x00000000        0x0 ./src/main.o
 .text          0x00000000        0x0 ./src/stm32f4xx_hal_msp.o
 .data          0x00000000        0x0 ./src/stm32f4xx_hal_msp.o
 .bss           0x00000000        0x0 ./src/stm32f4xx_hal_msp.o
 .text.HAL_MspDeInit
                0x00000000        0x2 ./src/stm32f4xx_hal_msp.o
 .text.HAL_PPP_MspInit
                0x00000000        0x2 ./src/stm32f4xx_hal_msp.o
 .text.HAL_PPP_MspDeInit
                0x00000000        0x2 ./src/stm32f4xx_hal_msp.o
 .text          0x00000000        0x0 /home/manos/ARMToolchains/gcc-arm-none-eabi-4_9-2015q3/bin/../lib/gcc/arm-none-eabi/4.9.3/../../../../arm-none-eabi/lib/armv7e-m/libg_nano.a(lib_a-errno.o)
 .data          0x00000000        0x0 /home/manos/ARMToolchains/gcc-arm-none-eabi-4_9-2015q3/bin/../lib/gcc/arm-none-eabi/4.9.3/../../../../arm-none-eabi/lib/armv7e-m/libg_nano.a(lib_a-errno.o)
 .bss           0x00000000        0x0 /home/manos/ARMToolchains/gcc-arm-none-eabi-4_9-2015q3/bin/../lib/gcc/arm-none-eabi/4.9.3/../../../../arm-none-eabi/lib/armv7e-m/libg_nano.a(lib_a-errno.o)
 .text.__errno  0x00000000        0xc /home/manos/ARMToolchains/gcc-arm-none-eabi-4_9-2015q3/bin/../lib/gcc/arm-none-eabi/4.9.3/../../../../arm-none-eabi/lib/armv7e-m/libg_nano.a(lib_a-errno.o)
 .debug_frame   0x00000000       0x20 /home/manos/ARMToolchains/gcc-arm-none-eabi-4_9-2015q3/bin/../lib/gcc/arm-none-eabi/4.9.3/../../../../arm-none-eabi/lib/armv7e-m/libg_nano.a(lib_a-errno.o)
 .ARM.attributes
                0x00000000       0x2e /home/manos/ARMToolchains/gcc-arm-none-eabi-4_9-2015q3/bin/../lib/gcc/arm-none-eabi/4.9.3/../../../../arm-none-eabi/lib/armv7e-m/libg_nano.a(lib_a-errno.o)
 .text          0x00000000        0x0 /home/manos/ARMToolchains/gcc-arm-none-eabi-4_9-2015q3/bin/../lib/gcc/arm-none-eabi/4.9.3/../../../../arm-none-eabi/lib/armv7e-m/libg_nano.a(lib_a-impure.o)
 .data          0x00000000        0x0 /home/manos/ARMToolchains/gcc-arm-none-eabi-4_9-2015q3/bin/../lib/gcc/arm-none-eabi/4.9.3/../../../../arm-none-eabi/lib/armv7e-m/libg_nano.a(lib_a-impure.o)
 .bss           0x00000000        0x0 /home/manos/ARMToolchains/gcc-arm-none-eabi-4_9-2015q3/bin/../lib/gcc/arm-none-eabi/4.9.3/../../../../arm-none-eabi/lib/armv7e-m/libg_nano.a(lib_a-impure.o)
 .data.impure_data
                0x00000000       0x60 /home/manos/ARMToolchains/gcc-arm-none-eabi-4_9-2015q3/bin/../lib/gcc/arm-none-eabi/4.9.3/../../../../arm-none-eabi/lib/armv7e-m/libg_nano.a(lib_a-impure.o)
 .data._impure_ptr
                0x00000000        0x4 /home/manos/ARMToolchains/gcc-arm-none-eabi-4_9-2015q3/bin/../lib/gcc/arm-none-eabi/4.9.3/../../../../arm-none-eabi/lib/armv7e-m/libg_nano.a(lib_a-impure.o)
 .rodata.str1.1
                0x00000000        0x2 /home/manos/ARMToolchains/gcc-arm-none-eabi-4_9-2015q3/bin/../lib/gcc/arm-none-eabi/4.9.3/../../../../arm-none-eabi/lib/armv7e-m/libg_nano.a(lib_a-impure.o)
 .rodata._global_impure_ptr
                0x00000000        0x4 /home/manos/ARMToolchains/gcc-arm-none-eabi-4_9-2015q3/bin/../lib/gcc/arm-none-eabi/4.9.3/../../../../arm-none-eabi/lib/armv7e-m/libg_nano.a(lib_a-impure.o)
 .ARM.attributes
                0x00000000       0x2e /home/manos/ARMToolchains/gcc-arm-none-eabi-4_9-2015q3/bin/../lib/gcc/arm-none-eabi/4.9.3/../../../../arm-none-eabi/lib/armv7e-m/libg_nano.a(lib_a-impure.o)

Memory Configuration

Name             Origin             Length             Attributes
RAM              0x20000000         0x00020000         xrw
CCMRAM           0x10000000         0x00010000         xrw
FLASH            0x08000000         0x00100000         xr
FLASHB1          0x00000000         0x00000000         xr
EXTMEMB0         0x00000000         0x00000000         xr
EXTMEMB1         0x00000000         0x00000000         xr
EXTMEMB2         0x00000000         0x00000000         xr
EXTMEMB3         0x00000000         0x00000000         xr
MEMORY_ARRAY     0x20002000         0x00000020         xrw
*default*        0x00000000         0xffffffff

Linker script and memory map

LOAD ./system/src/stm32f4-hal/stm32f4xx_hal.o
LOAD ./system/src/stm32f4-hal/stm32f4xx_hal_cortex.o
LOAD ./system/src/stm32f4-hal/stm32f4xx_hal_flash.o
LOAD ./system/src/stm32f4-hal/stm32f4xx_hal_gpio.o
LOAD ./system/src/stm32f4-hal/stm32f4xx_hal_i2c.o
LOAD ./system/src/stm32f4-hal/stm32f4xx_hal_iwdg.o
LOAD ./system/src/stm32f4-hal/stm32f4xx_hal_pwr.o
LOAD ./system/src/stm32f4-hal/stm32f4xx_hal_rcc.o
LOAD ./system/src/stm32f4-hal/stm32f4xx_hal_spi.o
LOAD ./system/src/stm32f4-hal/stm32f4xx_hal_uart.o
LOAD ./system/src/stm32f4-hal/stm32f4xx_hal_usart.o
LOAD ./system/src/newlib/_cxx.o
LOAD ./system/src/newlib/_exit.o
LOAD ./system/src/newlib/_sbrk.o
LOAD ./system/src/newlib/_startup.o
LOAD ./system/src/newlib/_syscalls.o
LOAD ./system/src/newlib/assert.o
LOAD ./system/src/diag/Trace.o
LOAD ./system/src/diag/trace_impl.o
LOAD ./system/src/cortexm/_initialize_hardware.o
LOAD ./system/src/cortexm/_reset_hardware.o
LOAD ./system/src/cortexm/exception_handlers.o
LOAD ./system/src/cmsis/system_stm32f4xx.o
LOAD ./system/src/cmsis/vectors_stm32f407xx.o
LOAD ./src/_initialize_hardware.o
LOAD ./src/_write.o
LOAD ./src/main.o
LOAD ./src/stm32f4xx_hal_msp.o
LOAD /home/manos/ARMToolchains/gcc-arm-none-eabi-4_9-2015q3/bin/../lib/gcc/arm-none-eabi/4.9.3/../../../../arm-none-eabi/lib/armv7e-m/libstdc++_nano.a
LOAD /home/manos/ARMToolchains/gcc-arm-none-eabi-4_9-2015q3/bin/../lib/gcc/arm-none-eabi/4.9.3/../../../../arm-none-eabi/lib/armv7e-m/libm.a
START GROUP
LOAD /home/manos/ARMToolchains/gcc-arm-none-eabi-4_9-2015q3/bin/../lib/gcc/arm-none-eabi/4.9.3/armv7e-m/libgcc.a
LOAD /home/manos/ARMToolchains/gcc-arm-none-eabi-4_9-2015q3/bin/../lib/gcc/arm-none-eabi/4.9.3/../../../../arm-none-eabi/lib/armv7e-m/libg_nano.a
LOAD /home/manos/ARMToolchains/gcc-arm-none-eabi-4_9-2015q3/bin/../lib/gcc/arm-none-eabi/4.9.3/../../../../arm-none-eabi/lib/armv7e-m/libc_nano.a
END GROUP
START GROUP
LOAD /home/manos/ARMToolchains/gcc-arm-none-eabi-4_9-2015q3/bin/../lib/gcc/arm-none-eabi/4.9.3/armv7e-m/libgcc.a
LOAD /home/manos/ARMToolchains/gcc-arm-none-eabi-4_9-2015q3/bin/../lib/gcc/arm-none-eabi/4.9.3/../../../../arm-none-eabi/lib/armv7e-m/libc_nano.a
END GROUP
                0x20020000                __stack = (ORIGIN (RAM) + 0x20000)
                0x20020000                _estack = __stack
                0x00000400                __Main_Stack_Size = 0x400
                0x00000400                PROVIDE (_Main_Stack_Size, __Main_Stack_Size)
                0x2001fc00                __Main_Stack_Limit = (__stack - __Main_Stack_Size)
                0x2001fc00                PROVIDE (_Main_Stack_Limit, __Main_Stack_Limit)
                0x00000100                _Minimum_Stack_Size = 0x100
                0x200001d0                PROVIDE (_Heap_Begin, _end_noinit)
                0x2001fc00                PROVIDE (_Heap_Limit, (__stack - __Main_Stack_Size))

.isr_vector     0x08000000      0x2c6
 FILL mask 0xff
                0x08000000                __vectors_start = ABSOLUTE (.)
                0x08000000                __vectors_start__ = ABSOLUTE (.)
 *(.isr_vector)
 .isr_vector    0x08000000      0x188 ./system/src/cmsis/vectors_stm32f407xx.o
                0x08000000                __isr_vectors
 *(.cfmconfig)
 *(.after_vectors .after_vectors.*)
 .after_vectors
                0x08000188       0xd4 ./system/src/newlib/_startup.o
                0x08000188                _start
 .after_vectors
                0x0800025c       0x64 ./system/src/cortexm/exception_handlers.o
                0x0800025c                Reset_Handler
                0x08000260                NMI_Handler
                0x08000262                HardFault_Handler
                0x08000276                HardFault_Handler_C
                0x08000278                MemManage_Handler
                0x0800027a                BusFault_Handler
                0x0800028e                BusFault_Handler_C
                0x08000290                UsageFault_Handler
                0x080002a4                UsageFault_Handler_C
                0x080002a6                SVC_Handler
                0x080002a8                DebugMon_Handler
                0x080002aa                PendSV_Handler
 .after_vectors
                0x080002c0        0x2 ./system/src/cmsis/vectors_stm32f407xx.o
                0x080002c0                RTC_Alarm_IRQHandler
                0x080002c0                HASH_RNG_IRQHandler
                0x080002c0                EXTI2_IRQHandler
                0x080002c0                TIM8_CC_IRQHandler
                0x080002c0                TIM1_CC_IRQHandler
                0x080002c0                DMA2_Stream5_IRQHandler
                0x080002c0                DMA1_Stream5_IRQHandler
                0x080002c0                PVD_IRQHandler
                0x080002c0                SDIO_IRQHandler
                0x080002c0                TAMP_STAMP_IRQHandler
                0x080002c0                CAN2_RX1_IRQHandler
                0x080002c0                EXTI3_IRQHandler
                0x080002c0                TIM8_TRG_COM_TIM14_IRQHandler
                0x080002c0                TIM1_UP_TIM10_IRQHandler
                0x080002c0                TIM8_UP_TIM13_IRQHandler
                0x080002c0                I2C3_ER_IRQHandler
                0x080002c0                EXTI0_IRQHandler
                0x080002c0                I2C2_EV_IRQHandler
                0x080002c0                DMA1_Stream2_IRQHandler
                0x080002c0                CAN1_RX0_IRQHandler
                0x080002c0                FPU_IRQHandler
                0x080002c0                OTG_HS_WKUP_IRQHandler
                0x080002c0                CAN2_SCE_IRQHandler
                0x080002c0                DMA2_Stream2_IRQHandler
                0x080002c0                SPI1_IRQHandler
                0x080002c0                TIM6_DAC_IRQHandler
                0x080002c0                TIM1_BRK_TIM9_IRQHandler
                0x080002c0                DCMI_IRQHandler
                0x080002c0                CAN2_RX0_IRQHandler
                0x080002c0                DMA2_Stream3_IRQHandler
                0x080002c0                USART6_IRQHandler
                0x080002c0                USART3_IRQHandler
                0x080002c0                CAN1_RX1_IRQHandler
                0x080002c0                UART5_IRQHandler
                0x080002c0                DMA2_Stream0_IRQHandler
                0x080002c0                TIM4_IRQHandler
                0x080002c0                I2C1_EV_IRQHandler
                0x080002c0                DMA1_Stream6_IRQHandler
                0x080002c0                DMA1_Stream1_IRQHandler
                0x080002c0                UART4_IRQHandler
                0x080002c0                TIM3_IRQHandler
                0x080002c0                RCC_IRQHandler
                0x080002c0                TIM8_BRK_TIM12_IRQHandler
                0x080002c0                Default_Handler
                0x080002c0                EXTI15_10_IRQHandler
                0x080002c0                ADC_IRQHandler
                0x080002c0                DMA1_Stream7_IRQHandler
                0x080002c0                TIM7_IRQHandler
                0x080002c0                CAN2_TX_IRQHandler
                0x080002c0                TIM5_IRQHandler
                0x080002c0                DMA2_Stream7_IRQHandler
                0x080002c0                I2C3_EV_IRQHandler
                0x080002c0                EXTI9_5_IRQHandler
                0x080002c0                RTC_WKUP_IRQHandler
                0x080002c0                ETH_WKUP_IRQHandler
                0x080002c0                SPI2_IRQHandler
                0x080002c0                OTG_HS_EP1_IN_IRQHandler
                0x080002c0                DMA1_Stream0_IRQHandler
                0x080002c0                CAN1_TX_IRQHandler
                0x080002c0                EXTI4_IRQHandler
                0x080002c0                ETH_IRQHandler
                0x080002c0                OTG_HS_EP1_OUT_IRQHandler
                0x080002c0                WWDG_IRQHandler
                0x080002c0                TIM2_IRQHandler
                0x080002c0                OTG_FS_WKUP_IRQHandler
                0x080002c0                TIM1_TRG_COM_TIM11_IRQHandler
                0x080002c0                OTG_HS_IRQHandler
                0x080002c0                EXTI1_IRQHandler
                0x080002c0                USART2_IRQHandler
                0x080002c0                I2C2_ER_IRQHandler
                0x080002c0                DMA2_Stream1_IRQHandler
                0x080002c0                CAN1_SCE_IRQHandler
                0x080002c0                FLASH_IRQHandler
                0x080002c0                DMA2_Stream4_IRQHandler
                0x080002c0                USART1_IRQHandler
                0x080002c0                OTG_FS_IRQHandler
                0x080002c0                SPI3_IRQHandler
                0x080002c0                DMA1_Stream4_IRQHandler
                0x080002c0                I2C1_ER_IRQHandler
                0x080002c0                FMC_IRQHandler
                0x080002c0                DMA2_Stream6_IRQHandler
                0x080002c0                DMA1_Stream3_IRQHandler
 .after_vectors
                0x080002c2        0x4 ./src/_initialize_hardware.o
                0x080002c2                SysTick_Handler

.inits          0x080002c8       0x28
                0x080002c8                __data_regions_array_start = .
                0x080002c8        0x4 LONG 0x8001628 LOADADDR (.data)
                0x080002cc        0x4 LONG 0x20000000 ADDR (.data)
                0x080002d0        0x4 LONG 0x2000000c (ADDR (.data) + SIZEOF (.data))
                0x080002d4        0x4 LONG 0x8001628 LOADADDR (.data_CCMRAM)
                0x080002d8        0x4 LONG 0x10000000 ADDR (.data_CCMRAM)
                0x080002dc        0x4 LONG 0x10000000 (ADDR (.data_CCMRAM) + SIZEOF (.data_CCMRAM))
                0x080002e0                __data_regions_array_end = .
                0x080002e0                __bss_regions_array_start = .
                0x080002e0        0x4 LONG 0x2000000c ADDR (.bss)
                0x080002e4        0x4 LONG 0x200001d0 (ADDR (.bss) + SIZEOF (.bss))
                0x080002e8        0x4 LONG 0x10000000 ADDR (.bss_CCMRAM)
                0x080002ec        0x4 LONG 0x10000000 (ADDR (.bss_CCMRAM) + SIZEOF (.bss_CCMRAM))
                0x080002f0                __bss_regions_array_end = .
 *(.init)
 *(.fini)
                0x080002f0                . = ALIGN (0x4)
                0x080002f0                PROVIDE (__preinit_array_start, .)
 *(.preinit_array_sysinit .preinit_array_sysinit.*)
 *(.preinit_array_platform .preinit_array_platform.*)
 *(.preinit_array .preinit_array.*)
                0x080002f0                PROVIDE (__preinit_array_end, .)
                0x080002f0                . = ALIGN (0x4)
                0x080002f0                PROVIDE (__init_array_start, .)
 *(SORT(.init_array.*))
 *(.init_array)
                0x080002f0                PROVIDE (__init_array_end, .)
                0x080002f0                . = ALIGN (0x4)
                0x080002f0                PROVIDE (__fini_array_start, .)
 *(SORT(.fini_array.*))
 *(.fini_array)
                0x080002f0                PROVIDE (__fini_array_end, .)

.flashtext
 *(.flashtext .flashtext.*)

.text           0x080002f0     0x1336
 *(.text .text.*)
 .text.HAL_InitTick
                0x080002f0       0x24 ./system/src/stm32f4-hal/stm32f4xx_hal.o
                0x080002f0                HAL_InitTick
 .text.HAL_Init
                0x08000314       0x34 ./system/src/stm32f4-hal/stm32f4xx_hal.o
                0x08000314                HAL_Init
 .text.HAL_IncTick
                0x08000348       0x10 ./system/src/stm32f4-hal/stm32f4xx_hal.o
                0x08000348                HAL_IncTick
 .text.HAL_GetTick
                0x08000358        0xc ./system/src/stm32f4-hal/stm32f4xx_hal.o
                0x08000358                HAL_GetTick
 .text.HAL_GetREVID
                0x08000364        0xc ./system/src/stm32f4-hal/stm32f4xx_hal.o
                0x08000364                HAL_GetREVID
 .text.HAL_NVIC_SetPriorityGrouping
                0x08000370       0x24 ./system/src/stm32f4-hal/stm32f4xx_hal_cortex.o
                0x08000370                HAL_NVIC_SetPriorityGrouping
 .text.HAL_NVIC_SetPriority
                0x08000394       0x60 ./system/src/stm32f4-hal/stm32f4xx_hal_cortex.o
                0x08000394                HAL_NVIC_SetPriority
 .text.HAL_SYSTICK_Config
                0x080003f4       0x2c ./system/src/stm32f4-hal/stm32f4xx_hal_cortex.o
                0x080003f4                HAL_SYSTICK_Config
 .text.HAL_SYSTICK_CLKSourceConfig
                0x08000420       0x18 ./system/src/stm32f4-hal/stm32f4xx_hal_cortex.o
                0x08000420                HAL_SYSTICK_CLKSourceConfig
 .text.HAL_GPIO_Init
                0x08000438      0x1d4 ./system/src/stm32f4-hal/stm32f4xx_hal_gpio.o
                0x08000438                HAL_GPIO_Init
 .text.HAL_GPIO_WritePin
                0x0800060c        0x8 ./system/src/stm32f4-hal/stm32f4xx_hal_gpio.o
                0x0800060c                HAL_GPIO_WritePin
 .text.HAL_I2C_MspInit
                0x08000614        0x2 ./system/src/stm32f4-hal/stm32f4xx_hal_i2c.o
                0x08000614                HAL_I2C_MspInit
 *fill*         0x08000616        0x2 
 .text.HAL_I2C_Init
                0x08000618       0xdc ./system/src/stm32f4-hal/stm32f4xx_hal_i2c.o
                0x08000618                HAL_I2C_Init
 .text.HAL_RCC_OscConfig
                0x080006f4      0x2c4 ./system/src/stm32f4-hal/stm32f4xx_hal_rcc.o
                0x080006f4                HAL_RCC_OscConfig
 .text.HAL_RCC_ClockConfig
                0x080009b8      0x144 ./system/src/stm32f4-hal/stm32f4xx_hal_rcc.o
                0x080009b8                HAL_RCC_ClockConfig
 .text.HAL_RCC_GetSysClockFreq
                0x08000afc       0x80 ./system/src/stm32f4-hal/stm32f4xx_hal_rcc.o
                0x08000afc                HAL_RCC_GetSysClockFreq
 .text.HAL_RCC_GetHCLKFreq
                0x08000b7c       0x34 ./system/src/stm32f4-hal/stm32f4xx_hal_rcc.o
                0x08000b7c                HAL_RCC_GetHCLKFreq
 .text.HAL_RCC_GetPCLK1Freq
                0x08000bb0       0x2c ./system/src/stm32f4-hal/stm32f4xx_hal_rcc.o
                0x08000bb0                HAL_RCC_GetPCLK1Freq
 .text.HAL_RCC_GetPCLK2Freq
                0x08000bdc       0x2c ./system/src/stm32f4-hal/stm32f4xx_hal_rcc.o
                0x08000bdc                HAL_RCC_GetPCLK2Freq
 .text.SPI_WaitFlagStateUntilTimeout
                0x08000c08       0x88 ./system/src/stm32f4-hal/stm32f4xx_hal_spi.o
 .text.SPI_CheckFlag_BSY
                0x08000c90       0x20 ./system/src/stm32f4-hal/stm32f4xx_hal_spi.o
 .text.HAL_SPI_MspInit
                0x08000cb0        0x2 ./system/src/stm32f4-hal/stm32f4xx_hal_spi.o
                0x08000cb0                HAL_SPI_MspInit
 .text.HAL_SPI_Init
                0x08000cb2       0x80 ./system/src/stm32f4-hal/stm32f4xx_hal_spi.o
                0x08000cb2                HAL_SPI_Init
 .text.HAL_SPI_TransmitReceive
                0x08000d32      0x214 ./system/src/stm32f4-hal/stm32f4xx_hal_spi.o
                0x08000d32                HAL_SPI_TransmitReceive
 *fill*         0x08000f46        0x2 
 .text.UART_SetConfig
                0x08000f48      0x238 ./system/src/stm32f4-hal/stm32f4xx_hal_uart.o
 .text.HAL_UART_MspInit
                0x08001180        0x2 ./system/src/stm32f4-hal/stm32f4xx_hal_uart.o
                0x08001180                HAL_UART_MspInit
 .text.HAL_UART_Init
                0x08001182       0x5c ./system/src/stm32f4-hal/stm32f4xx_hal_uart.o
                0x08001182                HAL_UART_Init
 .text._exit    0x080011de        0x6 ./system/src/newlib/_exit.o
                0x080011de                _exit
 .text.__initialize_args
                0x080011e4       0x10 ./system/src/newlib/_syscalls.o
                0x080011e4                __initialize_args
 .text.__initialize_hardware_early
                0x080011f4       0x18 ./system/src/cortexm/_initialize_hardware.o
                0x080011f4                __initialize_hardware_early
 .text.__initialize_hardware
                0x0800120c        0x4 ./system/src/cortexm/_initialize_hardware.o
                0x0800120c                __initialize_hardware
 .text.__reset_hardware
                0x08001210       0x24 ./system/src/cortexm/_reset_hardware.o
                0x08001210                __reset_hardware
 .text.SystemInit
                0x08001234       0x40 ./system/src/cmsis/system_stm32f4xx.o
                0x08001234                SystemInit
 .text.SystemCoreClockUpdate
                0x08001274       0x74 ./system/src/cmsis/system_stm32f4xx.o
                0x08001274                SystemCoreClockUpdate
 .text.SystemClock_Config
                0x080012e8       0xbc ./src/_initialize_hardware.o
                0x080012e8                SystemClock_Config
 .text.initialize_hardware
                0x080013a4       0x12 ./src/_initialize_hardware.o
                0x080013a4                initialize_hardware
 *fill*         0x080013b6        0x2 
 .text.startup.main
                0x080013b8      0x24c ./src/main.o
                0x080013b8                main
 .text.HAL_MspInit
                0x08001604        0x2 ./src/stm32f4xx_hal_msp.o
                0x08001604                HAL_MspInit
 *(.rodata .rodata.* .constdata .constdata.*)
 .rodata.APBAHBPrescTable
                0x08001606       0x10 ./system/src/stm32f4-hal/stm32f4xx_hal_rcc.o
                0x08001606                APBAHBPrescTable
 .rodata.AHBPrescTable
                0x08001616       0x10 ./system/src/cmsis/system_stm32f4xx.o
                0x08001616                AHBPrescTable
 *(vtable)
 *(.eh_frame*)
 *(.glue_7)
 .glue_7        0x00000000        0x0 linker stubs
 *(.glue_7t)
 .glue_7t       0x00000000        0x0 linker stubs

.vfp11_veneer   0x08001628        0x0
 .vfp11_veneer  0x00000000        0x0 linker stubs

.v4_bx          0x08001628        0x0
 .v4_bx         0x00000000        0x0 linker stubs

.iplt           0x08001628        0x0
 .iplt          0x00000000        0x0 ./system/src/stm32f4-hal/stm32f4xx_hal.o

.rel.dyn        0x08001628        0x0
 .rel.iplt      0x00000000        0x0 ./system/src/stm32f4-hal/stm32f4xx_hal.o

.ARM.extab
 *(.ARM.extab* .gnu.linkonce.armextab.*)
                0x08001628                . = ALIGN (0x4)
                0x08001628                __exidx_start = .

.ARM.exidx
 *(.ARM.exidx* .gnu.linkonce.armexidx.*)
                0x08001628                __exidx_end = .
                0x08001628                . = ALIGN (0x4)
                0x08001628                _etext = .
                0x08001628                __etext = .

.data_CCMRAM    0x10000000        0x0 load address 0x08001628
 FILL mask 0xff
 *(.data.CCMRAM .data.CCMRAM.*)
                0x10000000                . = ALIGN (0x4)
                0x08001628                _sidata = LOADADDR (.data)

.data           0x20000000        0xc load address 0x08001628
 FILL mask 0xff
                0x20000000                _sdata = .
                0x20000000                __data_start__ = .
 *(.data_begin .data_begin.*)
 *(.data .data.*)
 .data.argv.4161
                0x20000000        0x8 ./system/src/newlib/_syscalls.o
 .data.SystemCoreClock
                0x20000008        0x4 ./system/src/cmsis/system_stm32f4xx.o
                0x20000008                SystemCoreClock
 *(.data_end .data_end.*)
                0x2000000c                . = ALIGN (0x4)
                0x2000000c                _edata = .
                0x2000000c                __data_end__ = .

.igot.plt       0x2000000c        0x0 load address 0x08001634
 .igot.plt      0x00000000        0x0 ./system/src/stm32f4-hal/stm32f4xx_hal.o

.bss_CCMRAM     0x10000000        0x0
 *(.bss.CCMRAM .bss.CCMRAM.*)

.bss            0x2000000c      0x1c4
                0x2000000c                __bss_start__ = .
                0x2000000c                _sbss = .
 *(.bss_begin .bss_begin.*)
 *(.bss .bss.*)
 .bss.name.4160
                0x2000000c        0x1 ./system/src/newlib/_syscalls.o
 *(COMMON)
 *fill*         0x2000000d        0x3 
 COMMON         0x20000010        0x4 ./system/src/stm32f4-hal/stm32f4xx_hal.o
                0x20000010                uwTick
 COMMON         0x20000014      0x1b9 ./src/main.o
                0x20000014                hspi2
                0x2000006c                huart3
                0x200000ac                hi2c1
                0x200000f0                huart5
                0x20000130                aRxBuffer
                0x20000154                hspi1
                0x200001ac                aTxBuffer
 *(.bss_end .bss_end.*)
                0x200001d0                . = ALIGN (0x4)
 *fill*         0x200001cd        0x3 
                0x200001d0                __bss_end__ = .
                0x200001d0                _ebss = .

.noinit_CCMRAM
 *(.noinit.CCMRAM .noinit.CCMRAM.*)

.noinit         0x200001d0        0x0
                0x200001d0                _noinit = .
 *(.noinit .noinit.*)
                0x200001d0                . = ALIGN (0x4)
                0x200001d0                _end_noinit = .
                0x200001d0                PROVIDE (end, _end_noinit)
                0x200001d0                PROVIDE (_end, _end_noinit)
                0x200001d0                PROVIDE (__end, _end_noinit)
                0x200001d0                PROVIDE (__end__, _end_noinit)

._check_stack   0x200001d0      0x100
                0x200002d0                . = (. + _Minimum_Stack_Size)
 *fill*         0x200001d0      0x100 

.b1text
 *(.b1text)
 *(.b1rodata)
 *(.b1rodata.*)

.eb0text
 *(.eb0text)
 *(.eb0rodata)
 *(.eb0rodata.*)

.eb1text
 *(.eb1text)
 *(.eb1rodata)
 *(.eb1rodata.*)

.eb2text
 *(.eb2text)
 *(.eb2rodata)
 *(.eb2rodata.*)

.eb3text
 *(.eb3text)
 *(.eb3rodata)
 *(.eb3rodata.*)

.stab
 *(.stab)

.stabstr
 *(.stabstr)

.stab.excl
 *(.stab.excl)

.stab.exclstr
 *(.stab.exclstr)

.stab.index
 *(.stab.index)

.stab.indexstr
 *(.stab.indexstr)

.comment        0x00000000       0x70
 *(.comment)
 .comment       0x00000000       0x70 ./system/src/stm32f4-hal/stm32f4xx_hal.o
                                 0x71 (size before relaxing)
 .comment       0x00000000       0x71 ./system/src/stm32f4-hal/stm32f4xx_hal_cortex.o
 .comment       0x00000000       0x71 ./system/src/stm32f4-hal/stm32f4xx_hal_gpio.o
 .comment       0x00000000       0x71 ./system/src/stm32f4-hal/stm32f4xx_hal_i2c.o
 .comment       0x00000000       0x71 ./system/src/stm32f4-hal/stm32f4xx_hal_rcc.o
 .comment       0x00000000       0x71 ./system/src/stm32f4-hal/stm32f4xx_hal_spi.o
 .comment       0x00000000       0x71 ./system/src/stm32f4-hal/stm32f4xx_hal_uart.o
 .comment       0x00000000       0x71 ./system/src/newlib/_exit.o
 .comment       0x00000000       0x71 ./system/src/newlib/_startup.o
 .comment       0x00000000       0x71 ./system/src/newlib/_syscalls.o
 .comment       0x00000000       0x71 ./system/src/cortexm/_initialize_hardware.o
 .comment       0x00000000       0x71 ./system/src/cortexm/_reset_hardware.o
 .comment       0x00000000       0x71 ./system/src/cortexm/exception_handlers.o
 .comment       0x00000000       0x71 ./system/src/cmsis/system_stm32f4xx.o
 .comment       0x00000000       0x71 ./system/src/cmsis/vectors_stm32f407xx.o
 .comment       0x00000000       0x71 ./src/_initialize_hardware.o
 .comment       0x00000000       0x71 ./src/main.o
 .comment       0x00000000       0x71 ./src/stm32f4xx_hal_msp.o

.ARM.attributes
                0x00000000       0x33
 .ARM.attributes
                0x00000000       0x33 ./system/src/stm32f4-hal/stm32f4xx_hal.o
 .ARM.attributes
                0x00000033       0x33 ./system/src/stm32f4-hal/stm32f4xx_hal_cortex.o
 .ARM.attributes
                0x00000066       0x33 ./system/src/stm32f4-hal/stm32f4xx_hal_gpio.o
 .ARM.attributes
                0x00000099       0x33 ./system/src/stm32f4-hal/stm32f4xx_hal_i2c.o
 .ARM.attributes
                0x000000cc       0x33 ./system/src/stm32f4-hal/stm32f4xx_hal_rcc.o
 .ARM.attributes
                0x000000ff       0x33 ./system/src/stm32f4-hal/stm32f4xx_hal_spi.o
 .ARM.attributes
                0x00000132       0x33 ./system/src/stm32f4-hal/stm32f4xx_hal_uart.o
 .ARM.attributes
                0x00000165       0x33 ./system/src/newlib/_exit.o
 .ARM.attributes
                0x00000198       0x33 ./system/src/newlib/_startup.o
 .ARM.attributes
                0x000001cb       0x33 ./system/src/newlib/_syscalls.o
 .ARM.attributes
                0x000001fe       0x33 ./system/src/cortexm/_initialize_hardware.o
 .ARM.attributes
                0x00000231       0x33 ./system/src/cortexm/_reset_hardware.o
 .ARM.attributes
                0x00000264       0x33 ./system/src/cortexm/exception_handlers.o
 .ARM.attributes
                0x00000297       0x33 ./system/src/cmsis/system_stm32f4xx.o
 .ARM.attributes
                0x000002ca       0x33 ./system/src/cmsis/vectors_stm32f407xx.o
 .ARM.attributes
                0x000002fd       0x33 ./src/_initialize_hardware.o
 .ARM.attributes
                0x00000330       0x33 ./src/main.o
 .ARM.attributes
                0x00000363       0x33 ./src/stm32f4xx_hal_msp.o

.debug
 *(.debug)

.line
 *(.line)

.debug_srcinfo
 *(.debug_srcinfo)

.debug_sfnames
 *(.debug_sfnames)

.debug_aranges  0x00000000      0x950
 *(.debug_aranges)
 .debug_aranges
                0x00000000       0xc0 ./system/src/stm32f4-hal/stm32f4xx_hal.o
 .debug_aranges
                0x000000c0       0x98 ./system/src/stm32f4-hal/stm32f4xx_hal_cortex.o
 .debug_aranges
                0x00000158       0x58 ./system/src/stm32f4-hal/stm32f4xx_hal_gpio.o
 .debug_aranges
                0x000001b0      0x200 ./system/src/stm32f4-hal/stm32f4xx_hal_i2c.o
 .debug_aranges
                0x000003b0       0x88 ./system/src/stm32f4-hal/stm32f4xx_hal_rcc.o
 .debug_aranges
                0x00000438      0x1b0 ./system/src/stm32f4-hal/stm32f4xx_hal_spi.o
 .debug_aranges
                0x000005e8      0x138 ./system/src/stm32f4-hal/stm32f4xx_hal_uart.o
 .debug_aranges
                0x00000720       0x28 ./system/src/newlib/_exit.o
 .debug_aranges
                0x00000748       0x40 ./system/src/newlib/_startup.o
 .debug_aranges
                0x00000788       0x30 ./system/src/newlib/_syscalls.o
 .debug_aranges
                0x000007b8       0x28 ./system/src/cortexm/_initialize_hardware.o
 .debug_aranges
                0x000007e0       0x20 ./system/src/cortexm/_reset_hardware.o
 .debug_aranges
                0x00000800       0x80 ./system/src/cortexm/exception_handlers.o
 .debug_aranges
                0x00000880       0x28 ./system/src/cmsis/system_stm32f4xx.o
 .debug_aranges
                0x000008a8       0x20 ./system/src/cmsis/vectors_stm32f407xx.o
 .debug_aranges
                0x000008c8       0x30 ./src/_initialize_hardware.o
 .debug_aranges
                0x000008f8       0x20 ./src/main.o
 .debug_aranges
                0x00000918       0x38 ./src/stm32f4xx_hal_msp.o

.debug_pubnames
 *(.debug_pubnames)

.debug_info     0x00000000     0xb9d6
 *(.debug_info .gnu.linkonce.wi.*)
 .debug_info    0x00000000      0x91d ./system/src/stm32f4-hal/stm32f4xx_hal.o
 .debug_info    0x0000091d      0xe68 ./system/src/stm32f4-hal/stm32f4xx_hal_cortex.o
 .debug_info    0x00001785      0x6f9 ./system/src/stm32f4-hal/stm32f4xx_hal_gpio.o
 .debug_info    0x00001e7e     0x3208 ./system/src/stm32f4-hal/stm32f4xx_hal_i2c.o
 .debug_info    0x00005086      0xccb ./system/src/stm32f4-hal/stm32f4xx_hal_rcc.o
 .debug_info    0x00005d51     0x1a90 ./system/src/stm32f4-hal/stm32f4xx_hal_spi.o
 .debug_info    0x000077e1     0x11dd ./system/src/stm32f4-hal/stm32f4xx_hal_uart.o
 .debug_info    0x000089be      0x100 ./system/src/newlib/_exit.o
 .debug_info    0x00008abe      0x4a9 ./system/src/newlib/_startup.o
 .debug_info    0x00008f67      0x1b8 ./system/src/newlib/_syscalls.o
 .debug_info    0x0000911f      0x2a9 ./system/src/cortexm/_initialize_hardware.o
 .debug_info    0x000093c8      0x2b8 ./system/src/cortexm/_reset_hardware.o
 .debug_info    0x00009680      0x289 ./system/src/cortexm/exception_handlers.o
 .debug_info    0x00009909      0x4a1 ./system/src/cmsis/system_stm32f4xx.o
 .debug_info    0x00009daa       0xcd ./system/src/cmsis/vectors_stm32f407xx.o
 .debug_info    0x00009e77      0x878 ./src/_initialize_hardware.o
 .debug_info    0x0000a6ef     0x1206 ./src/main.o
 .debug_info    0x0000b8f5       0xe1 ./src/stm32f4xx_hal_msp.o

.debug_abbrev   0x00000000     0x1fdf
 *(.debug_abbrev)
 .debug_abbrev  0x00000000      0x25a ./system/src/stm32f4-hal/stm32f4xx_hal.o
 .debug_abbrev  0x0000025a      0x30a ./system/src/stm32f4-hal/stm32f4xx_hal_cortex.o
 .debug_abbrev  0x00000564      0x1c8 ./system/src/stm32f4-hal/stm32f4xx_hal_gpio.o
 .debug_abbrev  0x0000072c      0x2e4 ./system/src/stm32f4-hal/stm32f4xx_hal_i2c.o
 .debug_abbrev  0x00000a10      0x33d ./system/src/stm32f4-hal/stm32f4xx_hal_rcc.o
 .debug_abbrev  0x00000d4d      0x318 ./system/src/stm32f4-hal/stm32f4xx_hal_spi.o
 .debug_abbrev  0x00001065      0x2be ./system/src/stm32f4-hal/stm32f4xx_hal_uart.o
 .debug_abbrev  0x00001323       0xb8 ./system/src/newlib/_exit.o
 .debug_abbrev  0x000013db      0x219 ./system/src/newlib/_startup.o
 .debug_abbrev  0x000015f4       0xeb ./system/src/newlib/_syscalls.o
 .debug_abbrev  0x000016df       0xf5 ./system/src/cortexm/_initialize_hardware.o
 .debug_abbrev  0x000017d4       0xe7 ./system/src/cortexm/_reset_hardware.o
 .debug_abbrev  0x000018bb       0xee ./system/src/cortexm/exception_handlers.o
 .debug_abbrev  0x000019a9      0x101 ./system/src/cmsis/system_stm32f4xx.o
 .debug_abbrev  0x00001aaa       0x9a ./system/src/cmsis/vectors_stm32f407xx.o
 .debug_abbrev  0x00001b44      0x1af ./src/_initialize_hardware.o
 .debug_abbrev  0x00001cf3      0x285 ./src/main.o
 .debug_abbrev  0x00001f78       0x67 ./src/stm32f4xx_hal_msp.o

.debug_line     0x00000000     0x473c
 *(.debug_line)
 .debug_line    0x00000000      0x370 ./system/src/stm32f4-hal/stm32f4xx_hal.o
 .debug_line    0x00000370      0x39c ./system/src/stm32f4-hal/stm32f4xx_hal_cortex.o
 .debug_line    0x0000070c      0x381 ./system/src/stm32f4-hal/stm32f4xx_hal_gpio.o
 .debug_line    0x00000a8d     0x14fa ./system/src/stm32f4-hal/stm32f4xx_hal_i2c.o
 .debug_line    0x00001f87      0x521 ./system/src/stm32f4-hal/stm32f4xx_hal_rcc.o
 .debug_line    0x000024a8      0xac7 ./system/src/stm32f4-hal/stm32f4xx_hal_spi.o
 .debug_line    0x00002f6f      0x8c1 ./system/src/stm32f4-hal/stm32f4xx_hal_uart.o
 .debug_line    0x00003830      0x135 ./system/src/newlib/_exit.o
 .debug_line    0x00003965      0x112 ./system/src/newlib/_startup.o
 .debug_line    0x00003a77      0x144 ./system/src/newlib/_syscalls.o
 .debug_line    0x00003bbb      0x17f ./system/src/cortexm/_initialize_hardware.o
 .debug_line    0x00003d3a      0x10f ./system/src/cortexm/_reset_hardware.o
 .debug_line    0x00003e49      0x1d3 ./system/src/cortexm/exception_handlers.o
 .debug_line    0x0000401c      0x192 ./system/src/cmsis/system_stm32f4xx.o
 .debug_line    0x000041ae       0x5f ./system/src/cmsis/vectors_stm32f407xx.o
 .debug_line    0x0000420d      0x244 ./src/_initialize_hardware.o
 .debug_line    0x00004451      0x1df ./src/main.o
 .debug_line    0x00004630      0x10c ./src/stm32f4xx_hal_msp.o

.debug_frame    0x00000000     0x1704
 *(.debug_frame)
 .debug_frame   0x00000000      0x184 ./system/src/stm32f4-hal/stm32f4xx_hal.o
 .debug_frame   0x00000184      0x134 ./system/src/stm32f4-hal/stm32f4xx_hal_cortex.o
 .debug_frame   0x000002b8       0xc4 ./system/src/stm32f4-hal/stm32f4xx_hal_gpio.o
 .debug_frame   0x0000037c      0x6dc ./system/src/stm32f4-hal/stm32f4xx_hal_i2c.o
 .debug_frame   0x00000a58      0x154 ./system/src/stm32f4-hal/stm32f4xx_hal_rcc.o
 .debug_frame   0x00000bac      0x4cc ./system/src/stm32f4-hal/stm32f4xx_hal_spi.o
 .debug_frame   0x00001078      0x318 ./system/src/stm32f4-hal/stm32f4xx_hal_uart.o
 .debug_frame   0x00001390       0x40 ./system/src/newlib/_exit.o
 .debug_frame   0x000013d0       0x80 ./system/src/newlib/_startup.o
 .debug_frame   0x00001450       0x50 ./system/src/newlib/_syscalls.o
 .debug_frame   0x000014a0       0x38 ./system/src/cortexm/_initialize_hardware.o
 .debug_frame   0x000014d8       0x20 ./system/src/cortexm/_reset_hardware.o
 .debug_frame   0x000014f8       0xe0 ./system/src/cortexm/exception_handlers.o
 .debug_frame   0x000015d8       0x30 ./system/src/cmsis/system_stm32f4xx.o
 .debug_frame   0x00001608       0x20 ./system/src/cmsis/vectors_stm32f407xx.o
 .debug_frame   0x00001628       0x60 ./src/_initialize_hardware.o
 .debug_frame   0x00001688       0x2c ./src/main.o
 .debug_frame   0x000016b4       0x50 ./src/stm32f4xx_hal_msp.o

.debug_str      0x00000000     0x2f8b
 *(.debug_str)
 .debug_str     0x00000000      0xa6d ./system/src/stm32f4-hal/stm32f4xx_hal.o
                                0xacd (size before relaxing)
 .debug_str     0x00000a6d      0x390 ./system/src/stm32f4-hal/stm32f4xx_hal_cortex.o
                                0xc13 (size before relaxing)
 .debug_str     0x00000dfd      0x1ce ./system/src/stm32f4-hal/stm32f4xx_hal_gpio.o
                                0x50a (size before relaxing)
 .debug_str     0x00000fcb      0xc68 ./system/src/stm32f4-hal/stm32f4xx_hal_i2c.o
                                0xf0c (size before relaxing)
 .debug_str     0x00001c33      0x2b3 ./system/src/stm32f4-hal/stm32f4xx_hal_rcc.o
                                0x6e5 (size before relaxing)
 .debug_str     0x00001ee6      0x63d ./system/src/stm32f4-hal/stm32f4xx_hal_spi.o
                                0xb81 (size before relaxing)
 .debug_str     0x00002523      0x4b6 ./system/src/stm32f4-hal/stm32f4xx_hal_uart.o
                                0xaa1 (size before relaxing)
 .debug_str     0x000029d9       0x45 ./system/src/newlib/_exit.o
                                0x1f2 (size before relaxing)
 .debug_str     0x00002a1e      0x1a9 ./system/src/newlib/_startup.o
                                0x36d (size before relaxing)
 .debug_str     0x00002bc7       0x5a ./system/src/newlib/_syscalls.o
                                0x21f (size before relaxing)
 .debug_str     0x00002c21       0x5e ./system/src/cortexm/_initialize_hardware.o
                                0x2c7 (size before relaxing)
 .debug_str     0x00002c7f       0x28 ./system/src/cortexm/_reset_hardware.o
                                0x282 (size before relaxing)
 .debug_str     0x00002ca7      0x11f ./system/src/cortexm/exception_handlers.o
                                0x2f0 (size before relaxing)
 .debug_str     0x00002dc6       0x31 ./system/src/cmsis/system_stm32f4xx.o
                                0x3b4 (size before relaxing)
 .debug_str     0x00002df7       0x59 ./system/src/cmsis/vectors_stm32f407xx.o
                                0x1f0 (size before relaxing)
 .debug_str     0x00002e50       0x31 ./src/_initialize_hardware.o
                                0xa60 (size before relaxing)
 .debug_str     0x00002e81       0xcd ./src/main.o
                                0xcc6 (size before relaxing)
 .debug_str     0x00002f4e       0x3d ./src/stm32f4xx_hal_msp.o
                                0x214 (size before relaxing)

.debug_loc      0x00000000     0x670c
 *(.debug_loc)
 .debug_loc     0x00000000       0x82 ./system/src/stm32f4-hal/stm32f4xx_hal.o
 .debug_loc     0x00000082      0x31e ./system/src/stm32f4-hal/stm32f4xx_hal_cortex.o
 .debug_loc     0x000003a0      0x3ec ./system/src/stm32f4-hal/stm32f4xx_hal_gpio.o
 .debug_loc     0x0000078c     0x3115 ./system/src/stm32f4-hal/stm32f4xx_hal_i2c.o
 .debug_loc     0x000038a1      0x555 ./system/src/stm32f4-hal/stm32f4xx_hal_rcc.o
 .debug_loc     0x00003df6     0x1686 ./system/src/stm32f4-hal/stm32f4xx_hal_spi.o
 .debug_loc     0x0000547c      0xdd3 ./system/src/stm32f4-hal/stm32f4xx_hal_uart.o
 .debug_loc     0x0000624f       0x21 ./system/src/newlib/_exit.o
 .debug_loc     0x00006270      0x31d ./system/src/newlib/_startup.o
 .debug_loc     0x0000658d       0x63 ./system/src/newlib/_syscalls.o
 .debug_loc     0x000065f0       0xda ./system/src/cmsis/system_stm32f4xx.o
 .debug_loc     0x000066ca       0x42 ./src/main.o

.debug_macinfo
 *(.debug_macinfo)

.debug_weaknames
 *(.debug_weaknames)

.debug_funcnames
 *(.debug_funcnames)

.debug_typenames
 *(.debug_typenames)

.debug_varnames
 *(.debug_varnames)
OUTPUT(CommsDiagnostic.elf elf32-littlearm)

.debug_ranges   0x00000000      0xaf8
 .debug_ranges  0x00000000       0xb0 ./system/src/stm32f4-hal/stm32f4xx_hal.o
 .debug_ranges  0x000000b0      0x120 ./system/src/stm32f4-hal/stm32f4xx_hal_cortex.o
 .debug_ranges  0x000001d0       0x48 ./system/src/stm32f4-hal/stm32f4xx_hal_gpio.o
 .debug_ranges  0x00000218      0x240 ./system/src/stm32f4-hal/stm32f4xx_hal_i2c.o
 .debug_ranges  0x00000458      0x158 ./system/src/stm32f4-hal/stm32f4xx_hal_rcc.o
 .debug_ranges  0x000005b0      0x1d0 ./system/src/stm32f4-hal/stm32f4xx_hal_spi.o
 .debug_ranges  0x00000780      0x128 ./system/src/stm32f4-hal/stm32f4xx_hal_uart.o
 .debug_ranges  0x000008a8       0x18 ./system/src/newlib/_exit.o
 .debug_ranges  0x000008c0       0x48 ./system/src/newlib/_startup.o
 .debug_ranges  0x00000908       0x20 ./system/src/newlib/_syscalls.o
 .debug_ranges  0x00000928       0x18 ./system/src/cortexm/_initialize_hardware.o
 .debug_ranges  0x00000940       0x10 ./system/src/cortexm/_reset_hardware.o
 .debug_ranges  0x00000950       0x70 ./system/src/cortexm/exception_handlers.o
 .debug_ranges  0x000009c0       0x18 ./system/src/cmsis/system_stm32f4xx.o
 .debug_ranges  0x000009d8       0x10 ./system/src/cmsis/vectors_stm32f407xx.o
 .debug_ranges  0x000009e8       0x20 ./src/_initialize_hardware.o
 .debug_ranges  0x00000a08       0xc8 ./src/main.o
 .debug_ranges  0x00000ad0       0x28 ./src/stm32f4xx_hal_msp.o
